[0.674s] DEBUG:colcon:Command line arguments: ['/usr/bin/colcon', 'build', '--symlink-install']
[0.675s] DEBUG:colcon:Parsed command line arguments: Namespace(log_base=None, log_level=None, verb_name='build', build_base='build', install_base='install', merge_install=False, symlink_install=True, test_result_base=None, continue_on_error=False, executor='parallel', parallel_workers=4, event_handlers=None, ignore_user_meta=False, metas=['./colcon.meta'], base_paths=['.'], packages_ignore=None, packages_ignore_regex=None, paths=None, packages_up_to=None, packages_up_to_regex=None, packages_above=None, packages_above_and_dependencies=None, packages_above_depth=None, packages_select_by_dep=None, packages_skip_by_dep=None, packages_skip_up_to=None, packages_select_build_failed=False, packages_skip_build_finished=False, packages_select_test_failures=False, packages_skip_test_passed=False, packages_select=None, packages_skip=None, packages_select_regex=None, packages_skip_regex=None, packages_start=None, packages_end=None, allow_overriding=[], cmake_args=None, cmake_target=None, cmake_target_skip_unavailable=False, cmake_clean_cache=False, cmake_clean_first=False, cmake_force_configure=False, ament_cmake_args=None, catkin_cmake_args=None, catkin_skip_building_tests=False, mixin_files=None, mixin=None, verb_parser=<colcon_mixin.mixin.mixin_argument.MixinArgumentDecorator object at 0x7798b1751420>, verb_extension=<colcon_core.verb.build.BuildVerb object at 0x7798b1750f70>, main=<bound method BuildVerb.main of <colcon_core.verb.build.BuildVerb object at 0x7798b1750f70>>, mixin_verb=('build',))
[1.714s] Level 1:colcon.colcon_core.package_discovery:discover_packages(colcon_meta) check parameters
[1.714s] Level 1:colcon.colcon_core.package_discovery:discover_packages(recursive) check parameters
[1.715s] Level 1:colcon.colcon_core.package_discovery:discover_packages(ignore) check parameters
[1.715s] Level 1:colcon.colcon_core.package_discovery:discover_packages(path) check parameters
[1.715s] Level 1:colcon.colcon_core.package_discovery:discover_packages(colcon_meta) discover
[1.715s] Level 1:colcon.colcon_core.package_discovery:discover_packages(recursive) discover
[1.716s] INFO:colcon.colcon_core.package_discovery:Crawling recursively for packages in '/home/amap/2025_aa10_ros2_ws'
[1.716s] Level 1:colcon.colcon_core.package_identification:_identify(.) by extensions ['ignore', 'ignore_ament_install']
[1.717s] Level 1:colcon.colcon_core.package_identification:_identify(.) by extension 'ignore'
[1.717s] Level 1:colcon.colcon_core.package_identification:_identify(.) by extension 'ignore_ament_install'
[1.719s] Level 1:colcon.colcon_core.package_identification:_identify(.) by extensions ['colcon_pkg']
[1.720s] Level 1:colcon.colcon_core.package_identification:_identify(.) by extension 'colcon_pkg'
[1.720s] Level 1:colcon.colcon_core.package_identification:_identify(.) by extensions ['colcon_meta']
[1.720s] Level 1:colcon.colcon_core.package_identification:_identify(.) by extension 'colcon_meta'
[1.724s] Level 1:colcon.colcon_core.package_identification:_identify(.) by extensions ['ros']
[1.725s] Level 1:colcon.colcon_core.package_identification:_identify(.) by extension 'ros'
[1.802s] Level 1:colcon.colcon_core.package_identification:_identify(.) by extensions ['cmake', 'python']
[1.803s] Level 1:colcon.colcon_core.package_identification:_identify(.) by extension 'cmake'
[1.803s] Level 1:colcon.colcon_core.package_identification:_identify(.) by extension 'python'
[1.804s] Level 1:colcon.colcon_core.package_identification:_identify(.) by extensions ['python_setup_py']
[1.805s] Level 1:colcon.colcon_core.package_identification:_identify(.) by extension 'python_setup_py'
[1.806s] Level 1:colcon.colcon_core.package_identification:_identify(build) by extensions ['ignore', 'ignore_ament_install']
[1.807s] Level 1:colcon.colcon_core.package_identification:_identify(build) by extension 'ignore'
[1.807s] Level 1:colcon.colcon_core.package_identification:_identify(build) ignored
[1.808s] Level 1:colcon.colcon_core.package_identification:_identify(install) by extensions ['ignore', 'ignore_ament_install']
[1.809s] Level 1:colcon.colcon_core.package_identification:_identify(install) by extension 'ignore'
[1.809s] Level 1:colcon.colcon_core.package_identification:_identify(install) ignored
[1.809s] Level 1:colcon.colcon_core.package_identification:_identify(log) by extensions ['ignore', 'ignore_ament_install']
[1.810s] Level 1:colcon.colcon_core.package_identification:_identify(log) by extension 'ignore'
[1.810s] Level 1:colcon.colcon_core.package_identification:_identify(log) ignored
[1.811s] Level 1:colcon.colcon_core.package_identification:_identify(src) by extensions ['ignore', 'ignore_ament_install']
[1.813s] Level 1:colcon.colcon_core.package_identification:_identify(src) by extension 'ignore'
[1.813s] Level 1:colcon.colcon_core.package_identification:_identify(src) by extension 'ignore_ament_install'
[1.814s] Level 1:colcon.colcon_core.package_identification:_identify(src) by extensions ['colcon_pkg']
[1.814s] Level 1:colcon.colcon_core.package_identification:_identify(src) by extension 'colcon_pkg'
[1.815s] Level 1:colcon.colcon_core.package_identification:_identify(src) by extensions ['colcon_meta']
[1.815s] Level 1:colcon.colcon_core.package_identification:_identify(src) by extension 'colcon_meta'
[1.815s] Level 1:colcon.colcon_core.package_identification:_identify(src) by extensions ['ros']
[1.816s] Level 1:colcon.colcon_core.package_identification:_identify(src) by extension 'ros'
[1.817s] Level 1:colcon.colcon_core.package_identification:_identify(src) by extensions ['cmake', 'python']
[1.817s] Level 1:colcon.colcon_core.package_identification:_identify(src) by extension 'cmake'
[1.818s] Level 1:colcon.colcon_core.package_identification:_identify(src) by extension 'python'
[1.819s] Level 1:colcon.colcon_core.package_identification:_identify(src) by extensions ['python_setup_py']
[1.819s] Level 1:colcon.colcon_core.package_identification:_identify(src) by extension 'python_setup_py'
[1.821s] Level 1:colcon.colcon_core.package_identification:_identify(src/sc_mini_ros2) by extensions ['ignore', 'ignore_ament_install']
[1.821s] Level 1:colcon.colcon_core.package_identification:_identify(src/sc_mini_ros2) by extension 'ignore'
[1.821s] Level 1:colcon.colcon_core.package_identification:_identify(src/sc_mini_ros2) by extension 'ignore_ament_install'
[1.821s] Level 1:colcon.colcon_core.package_identification:_identify(src/sc_mini_ros2) by extensions ['colcon_pkg']
[1.821s] Level 1:colcon.colcon_core.package_identification:_identify(src/sc_mini_ros2) by extension 'colcon_pkg'
[1.822s] Level 1:colcon.colcon_core.package_identification:_identify(src/sc_mini_ros2) by extensions ['colcon_meta']
[1.822s] Level 1:colcon.colcon_core.package_identification:_identify(src/sc_mini_ros2) by extension 'colcon_meta'
[1.822s] Level 1:colcon.colcon_core.package_identification:_identify(src/sc_mini_ros2) by extensions ['ros']
[1.822s] Level 1:colcon.colcon_core.package_identification:_identify(src/sc_mini_ros2) by extension 'ros'
[1.843s] DEBUG:colcon.colcon_core.package_identification:Package 'src/sc_mini_ros2' with type 'ros.ament_cmake' and name 'sc_mini_ros2'
[1.844s] Level 1:colcon.colcon_core.package_discovery:discover_packages(recursive) using defaults
[1.844s] Level 1:colcon.colcon_core.package_discovery:discover_packages(ignore) discover
[1.845s] Level 1:colcon.colcon_core.package_discovery:discover_packages(ignore) using defaults
[1.846s] Level 1:colcon.colcon_core.package_discovery:discover_packages(path) discover
[1.846s] Level 1:colcon.colcon_core.package_discovery:discover_packages(path) using defaults
[2.041s] Level 1:colcon.colcon_core.package_discovery:discover_packages(prefix_path) check parameters
[2.043s] Level 1:colcon.colcon_core.package_discovery:discover_packages(prefix_path) discover
[2.062s] DEBUG:colcon.colcon_installed_package_information.package_discovery:Found 1 installed packages in /home/amap/2025_aa10_ros2_ws/install
[2.075s] DEBUG:colcon.colcon_installed_package_information.package_discovery:Found 271 installed packages in /opt/ros/humble
[2.083s] Level 1:colcon.colcon_core.package_discovery:discover_packages(prefix_path) using defaults
[2.288s] Level 5:colcon.colcon_core.verb:set package 'sc_mini_ros2' build argument 'cmake_args' from command line to 'None'
[2.288s] Level 5:colcon.colcon_core.verb:set package 'sc_mini_ros2' build argument 'cmake_target' from command line to 'None'
[2.288s] Level 5:colcon.colcon_core.verb:set package 'sc_mini_ros2' build argument 'cmake_target_skip_unavailable' from command line to 'False'
[2.288s] Level 5:colcon.colcon_core.verb:set package 'sc_mini_ros2' build argument 'cmake_clean_cache' from command line to 'False'
[2.289s] Level 5:colcon.colcon_core.verb:set package 'sc_mini_ros2' build argument 'cmake_clean_first' from command line to 'False'
[2.290s] Level 5:colcon.colcon_core.verb:set package 'sc_mini_ros2' build argument 'cmake_force_configure' from command line to 'False'
[2.290s] Level 5:colcon.colcon_core.verb:set package 'sc_mini_ros2' build argument 'ament_cmake_args' from command line to 'None'
[2.290s] Level 5:colcon.colcon_core.verb:set package 'sc_mini_ros2' build argument 'catkin_cmake_args' from command line to 'None'
[2.290s] Level 5:colcon.colcon_core.verb:set package 'sc_mini_ros2' build argument 'catkin_skip_building_tests' from command line to 'False'
[2.290s] DEBUG:colcon.colcon_core.verb:Building package 'sc_mini_ros2' with the following arguments: {'ament_cmake_args': None, 'build_base': '/home/amap/2025_aa10_ros2_ws/build/sc_mini_ros2', 'catkin_cmake_args': None, 'catkin_skip_building_tests': False, 'cmake_args': None, 'cmake_clean_cache': False, 'cmake_clean_first': False, 'cmake_force_configure': False, 'cmake_target': None, 'cmake_target_skip_unavailable': False, 'install_base': '/home/amap/2025_aa10_ros2_ws/install/sc_mini_ros2', 'merge_install': False, 'path': '/home/amap/2025_aa10_ros2_ws/src/sc_mini_ros2', 'symlink_install': True, 'test_result_base': None}
[2.292s] INFO:colcon.colcon_core.executor:Executing jobs using 'parallel' executor
[2.296s] DEBUG:colcon.colcon_parallel_executor.executor.parallel:run_until_complete
[2.297s] INFO:colcon.colcon_ros.task.ament_cmake.build:Building ROS package in '/home/amap/2025_aa10_ros2_ws/src/sc_mini_ros2' with build type 'ament_cmake'
[2.298s] INFO:colcon.colcon_cmake.task.cmake.build:Building CMake package in '/home/amap/2025_aa10_ros2_ws/src/sc_mini_ros2'
[2.320s] INFO:colcon.colcon_core.plugin_system:Skipping extension 'colcon_core.shell.bat': Not used on non-Windows systems
[2.322s] INFO:colcon.colcon_core.shell:Skip shell extension 'powershell' for command environment: Not usable outside of PowerShell
[2.322s] DEBUG:colcon.colcon_core.shell:Skip shell extension 'dsv' for command environment
[2.366s] DEBUG:colcon.colcon_core.event_handler.log_command:Invoking command in '/home/amap/2025_aa10_ros2_ws/build/sc_mini_ros2': CMAKE_PREFIX_PATH=${CMAKE_PREFIX_PATH}:/opt/ros/humble /usr/bin/cmake --build /home/amap/2025_aa10_ros2_ws/build/sc_mini_ros2 -- -j4 -l4
[2.659s] DEBUG:colcon.colcon_core.event_handler.log_command:Invoked command in '/home/amap/2025_aa10_ros2_ws/build/sc_mini_ros2' returned '0': CMAKE_PREFIX_PATH=${CMAKE_PREFIX_PATH}:/opt/ros/humble /usr/bin/cmake --build /home/amap/2025_aa10_ros2_ws/build/sc_mini_ros2 -- -j4 -l4
[2.682s] DEBUG:colcon.colcon_core.event_handler.log_command:Invoking command in '/home/amap/2025_aa10_ros2_ws/build/sc_mini_ros2': CMAKE_PREFIX_PATH=${CMAKE_PREFIX_PATH}:/opt/ros/humble /usr/bin/cmake --install /home/amap/2025_aa10_ros2_ws/build/sc_mini_ros2
[2.749s] Level 1:colcon.colcon_core.environment:create_environment_scripts_only(sc_mini_ros2)
[2.751s] DEBUG:colcon.colcon_core.event_handler.log_command:Invoked command in '/home/amap/2025_aa10_ros2_ws/build/sc_mini_ros2' returned '0': CMAKE_PREFIX_PATH=${CMAKE_PREFIX_PATH}:/opt/ros/humble /usr/bin/cmake --install /home/amap/2025_aa10_ros2_ws/build/sc_mini_ros2
[2.759s] Level 1:colcon.colcon_core.environment:checking '/home/amap/2025_aa10_ros2_ws/install/sc_mini_ros2' for CMake module files
[2.760s] Level 1:colcon.colcon_core.environment:checking '/home/amap/2025_aa10_ros2_ws/install/sc_mini_ros2' for CMake config files
[2.761s] Level 1:colcon.colcon_core.shell:create_environment_hook('sc_mini_ros2', 'cmake_prefix_path')
[2.762s] INFO:colcon.colcon_core.shell:Creating environment hook '/home/amap/2025_aa10_ros2_ws/install/sc_mini_ros2/share/sc_mini_ros2/hook/cmake_prefix_path.ps1'
[2.764s] INFO:colcon.colcon_core.shell:Creating environment descriptor '/home/amap/2025_aa10_ros2_ws/install/sc_mini_ros2/share/sc_mini_ros2/hook/cmake_prefix_path.dsv'
[2.766s] INFO:colcon.colcon_core.shell:Creating environment hook '/home/amap/2025_aa10_ros2_ws/install/sc_mini_ros2/share/sc_mini_ros2/hook/cmake_prefix_path.sh'
[2.771s] Level 1:colcon.colcon_core.environment:checking '/home/amap/2025_aa10_ros2_ws/install/sc_mini_ros2/lib'
[2.772s] Level 1:colcon.colcon_core.environment:checking '/home/amap/2025_aa10_ros2_ws/install/sc_mini_ros2/bin'
[2.772s] Level 1:colcon.colcon_core.environment:checking '/home/amap/2025_aa10_ros2_ws/install/sc_mini_ros2/lib/pkgconfig/sc_mini_ros2.pc'
[2.773s] Level 1:colcon.colcon_core.environment:checking '/home/amap/2025_aa10_ros2_ws/install/sc_mini_ros2/lib/python3.10/site-packages'
[2.774s] Level 1:colcon.colcon_core.environment:checking '/home/amap/2025_aa10_ros2_ws/install/sc_mini_ros2/bin'
[2.774s] INFO:colcon.colcon_core.shell:Creating package script '/home/amap/2025_aa10_ros2_ws/install/sc_mini_ros2/share/sc_mini_ros2/package.ps1'
[2.777s] INFO:colcon.colcon_core.shell:Creating package descriptor '/home/amap/2025_aa10_ros2_ws/install/sc_mini_ros2/share/sc_mini_ros2/package.dsv'
[2.778s] INFO:colcon.colcon_core.shell:Creating package script '/home/amap/2025_aa10_ros2_ws/install/sc_mini_ros2/share/sc_mini_ros2/package.sh'
[2.781s] INFO:colcon.colcon_core.shell:Creating package script '/home/amap/2025_aa10_ros2_ws/install/sc_mini_ros2/share/sc_mini_ros2/package.bash'
[2.783s] INFO:colcon.colcon_core.shell:Creating package script '/home/amap/2025_aa10_ros2_ws/install/sc_mini_ros2/share/sc_mini_ros2/package.zsh'
[2.786s] Level 1:colcon.colcon_core.environment:create_file_with_runtime_dependencies(/home/amap/2025_aa10_ros2_ws/install/sc_mini_ros2/share/colcon-core/packages/sc_mini_ros2)
[2.788s] Level 1:colcon.colcon_core.environment:create_environment_scripts_only(sc_mini_ros2)
[2.789s] Level 1:colcon.colcon_core.environment:checking '/home/amap/2025_aa10_ros2_ws/install/sc_mini_ros2' for CMake module files
[2.791s] Level 1:colcon.colcon_core.environment:checking '/home/amap/2025_aa10_ros2_ws/install/sc_mini_ros2' for CMake config files
[2.792s] Level 1:colcon.colcon_core.shell:create_environment_hook('sc_mini_ros2', 'cmake_prefix_path')
[2.794s] INFO:colcon.colcon_core.shell:Creating environment hook '/home/amap/2025_aa10_ros2_ws/install/sc_mini_ros2/share/sc_mini_ros2/hook/cmake_prefix_path.ps1'
[2.796s] INFO:colcon.colcon_core.shell:Creating environment descriptor '/home/amap/2025_aa10_ros2_ws/install/sc_mini_ros2/share/sc_mini_ros2/hook/cmake_prefix_path.dsv'
[2.797s] INFO:colcon.colcon_core.shell:Creating environment hook '/home/amap/2025_aa10_ros2_ws/install/sc_mini_ros2/share/sc_mini_ros2/hook/cmake_prefix_path.sh'
[2.803s] Level 1:colcon.colcon_core.environment:checking '/home/amap/2025_aa10_ros2_ws/install/sc_mini_ros2/lib'
[2.803s] Level 1:colcon.colcon_core.environment:checking '/home/amap/2025_aa10_ros2_ws/install/sc_mini_ros2/bin'
[2.804s] Level 1:colcon.colcon_core.environment:checking '/home/amap/2025_aa10_ros2_ws/install/sc_mini_ros2/lib/pkgconfig/sc_mini_ros2.pc'
[2.804s] Level 1:colcon.colcon_core.environment:checking '/home/amap/2025_aa10_ros2_ws/install/sc_mini_ros2/lib/python3.10/site-packages'
[2.805s] Level 1:colcon.colcon_core.environment:checking '/home/amap/2025_aa10_ros2_ws/install/sc_mini_ros2/bin'
[2.807s] INFO:colcon.colcon_core.shell:Creating package script '/home/amap/2025_aa10_ros2_ws/install/sc_mini_ros2/share/sc_mini_ros2/package.ps1'
[2.810s] INFO:colcon.colcon_core.shell:Creating package descriptor '/home/amap/2025_aa10_ros2_ws/install/sc_mini_ros2/share/sc_mini_ros2/package.dsv'
[2.812s] INFO:colcon.colcon_core.shell:Creating package script '/home/amap/2025_aa10_ros2_ws/install/sc_mini_ros2/share/sc_mini_ros2/package.sh'
[2.814s] INFO:colcon.colcon_core.shell:Creating package script '/home/amap/2025_aa10_ros2_ws/install/sc_mini_ros2/share/sc_mini_ros2/package.bash'
[2.817s] INFO:colcon.colcon_core.shell:Creating package script '/home/amap/2025_aa10_ros2_ws/install/sc_mini_ros2/share/sc_mini_ros2/package.zsh'
[2.819s] Level 1:colcon.colcon_core.environment:create_file_with_runtime_dependencies(/home/amap/2025_aa10_ros2_ws/install/sc_mini_ros2/share/colcon-core/packages/sc_mini_ros2)
[2.820s] DEBUG:colcon.colcon_parallel_executor.executor.parallel:closing loop
[2.821s] DEBUG:colcon.colcon_parallel_executor.executor.parallel:loop closed
[2.823s] DEBUG:colcon.colcon_parallel_executor.executor.parallel:run_until_complete finished with '0'
[2.823s] DEBUG:colcon.colcon_core.event_reactor:joining thread
[2.855s] INFO:colcon.colcon_core.plugin_system:Skipping extension 'colcon_notification.desktop_notification.terminal_notifier': Not used on non-Darwin systems
[2.855s] INFO:colcon.colcon_core.plugin_system:Skipping extension 'colcon_notification.desktop_notification.win32': Not used on non-Windows systems
[2.855s] INFO:colcon.colcon_notification.desktop_notification:Sending desktop notification using 'notify2'
[2.905s] DEBUG:colcon.colcon_core.event_reactor:joined thread
[2.906s] INFO:colcon.colcon_core.shell:Creating prefix script '/home/amap/2025_aa10_ros2_ws/install/local_setup.ps1'
[2.912s] INFO:colcon.colcon_core.shell:Creating prefix util module '/home/amap/2025_aa10_ros2_ws/install/_local_setup_util_ps1.py'
[2.924s] INFO:colcon.colcon_core.shell:Creating prefix chain script '/home/amap/2025_aa10_ros2_ws/install/setup.ps1'
[2.935s] INFO:colcon.colcon_core.shell:Creating prefix script '/home/amap/2025_aa10_ros2_ws/install/local_setup.sh'
[2.940s] INFO:colcon.colcon_core.shell:Creating prefix util module '/home/amap/2025_aa10_ros2_ws/install/_local_setup_util_sh.py'
[2.944s] INFO:colcon.colcon_core.shell:Creating prefix chain script '/home/amap/2025_aa10_ros2_ws/install/setup.sh'
[2.948s] INFO:colcon.colcon_core.shell:Creating prefix script '/home/amap/2025_aa10_ros2_ws/install/local_setup.bash'
[2.950s] INFO:colcon.colcon_core.shell:Creating prefix chain script '/home/amap/2025_aa10_ros2_ws/install/setup.bash'
[2.952s] INFO:colcon.colcon_core.shell:Creating prefix script '/home/amap/2025_aa10_ros2_ws/install/local_setup.zsh'
[2.955s] INFO:colcon.colcon_core.shell:Creating prefix chain script '/home/amap/2025_aa10_ros2_ws/install/setup.zsh'
