[0.619s] DEBUG:colcon:Command line arguments: ['/usr/bin/colcon', 'build', '--packages-select', 'sc_mini_ros2']
[0.620s] DEBUG:colcon:Parsed command line arguments: Namespace(log_base=None, log_level=None, verb_name='build', build_base='build', install_base='install', merge_install=False, symlink_install=False, test_result_base=None, continue_on_error=False, executor='parallel', parallel_workers=4, event_handlers=None, ignore_user_meta=False, metas=['./colcon.meta'], base_paths=['.'], packages_ignore=None, packages_ignore_regex=None, paths=None, packages_up_to=None, packages_up_to_regex=None, packages_above=None, packages_above_and_dependencies=None, packages_above_depth=None, packages_select_by_dep=None, packages_skip_by_dep=None, packages_skip_up_to=None, packages_select_build_failed=False, packages_skip_build_finished=False, packages_select_test_failures=False, packages_skip_test_passed=False, packages_select=['sc_mini_ros2'], packages_skip=None, packages_select_regex=None, packages_skip_regex=None, packages_start=None, packages_end=None, allow_overriding=[], cmake_args=None, cmake_target=None, cmake_target_skip_unavailable=False, cmake_clean_cache=False, cmake_clean_first=False, cmake_force_configure=False, ament_cmake_args=None, catkin_cmake_args=None, catkin_skip_building_tests=False, mixin_files=None, mixin=None, verb_parser=<colcon_mixin.mixin.mixin_argument.MixinArgumentDecorator object at 0x7a8bc6455750>, verb_extension=<colcon_core.verb.build.BuildVerb object at 0x7a8bc64552a0>, main=<bound method BuildVerb.main of <colcon_core.verb.build.BuildVerb object at 0x7a8bc64552a0>>, mixin_verb=('build',))
[1.663s] Level 1:colcon.colcon_core.package_discovery:discover_packages(colcon_meta) check parameters
[1.664s] Level 1:colcon.colcon_core.package_discovery:discover_packages(recursive) check parameters
[1.665s] Level 1:colcon.colcon_core.package_discovery:discover_packages(ignore) check parameters
[1.665s] Level 1:colcon.colcon_core.package_discovery:discover_packages(path) check parameters
[1.665s] Level 1:colcon.colcon_core.package_discovery:discover_packages(colcon_meta) discover
[1.665s] Level 1:colcon.colcon_core.package_discovery:discover_packages(recursive) discover
[1.666s] INFO:colcon.colcon_core.package_discovery:Crawling recursively for packages in '/home/amap/2025_aa10_ros2_ws'
[1.667s] Level 1:colcon.colcon_core.package_identification:_identify(.) by extensions ['ignore', 'ignore_ament_install']
[1.669s] Level 1:colcon.colcon_core.package_identification:_identify(.) by extension 'ignore'
[1.669s] Level 1:colcon.colcon_core.package_identification:_identify(.) by extension 'ignore_ament_install'
[1.670s] Level 1:colcon.colcon_core.package_identification:_identify(.) by extensions ['colcon_pkg']
[1.671s] Level 1:colcon.colcon_core.package_identification:_identify(.) by extension 'colcon_pkg'
[1.671s] Level 1:colcon.colcon_core.package_identification:_identify(.) by extensions ['colcon_meta']
[1.671s] Level 1:colcon.colcon_core.package_identification:_identify(.) by extension 'colcon_meta'
[1.672s] Level 1:colcon.colcon_core.package_identification:_identify(.) by extensions ['ros']
[1.672s] Level 1:colcon.colcon_core.package_identification:_identify(.) by extension 'ros'
[1.744s] Level 1:colcon.colcon_core.package_identification:_identify(.) by extensions ['cmake', 'python']
[1.745s] Level 1:colcon.colcon_core.package_identification:_identify(.) by extension 'cmake'
[1.745s] Level 1:colcon.colcon_core.package_identification:_identify(.) by extension 'python'
[1.745s] Level 1:colcon.colcon_core.package_identification:_identify(.) by extensions ['python_setup_py']
[1.745s] Level 1:colcon.colcon_core.package_identification:_identify(.) by extension 'python_setup_py'
[1.746s] Level 1:colcon.colcon_core.package_identification:_identify(build) by extensions ['ignore', 'ignore_ament_install']
[1.747s] Level 1:colcon.colcon_core.package_identification:_identify(build) by extension 'ignore'
[1.748s] Level 1:colcon.colcon_core.package_identification:_identify(build) ignored
[1.750s] Level 1:colcon.colcon_core.package_identification:_identify(install) by extensions ['ignore', 'ignore_ament_install']
[1.751s] Level 1:colcon.colcon_core.package_identification:_identify(install) by extension 'ignore'
[1.751s] Level 1:colcon.colcon_core.package_identification:_identify(install) ignored
[1.752s] Level 1:colcon.colcon_core.package_identification:_identify(log) by extensions ['ignore', 'ignore_ament_install']
[1.754s] Level 1:colcon.colcon_core.package_identification:_identify(log) by extension 'ignore'
[1.754s] Level 1:colcon.colcon_core.package_identification:_identify(log) ignored
[1.755s] Level 1:colcon.colcon_core.package_identification:_identify(src) by extensions ['ignore', 'ignore_ament_install']
[1.755s] Level 1:colcon.colcon_core.package_identification:_identify(src) by extension 'ignore'
[1.756s] Level 1:colcon.colcon_core.package_identification:_identify(src) by extension 'ignore_ament_install'
[1.756s] Level 1:colcon.colcon_core.package_identification:_identify(src) by extensions ['colcon_pkg']
[1.756s] Level 1:colcon.colcon_core.package_identification:_identify(src) by extension 'colcon_pkg'
[1.756s] Level 1:colcon.colcon_core.package_identification:_identify(src) by extensions ['colcon_meta']
[1.756s] Level 1:colcon.colcon_core.package_identification:_identify(src) by extension 'colcon_meta'
[1.757s] Level 1:colcon.colcon_core.package_identification:_identify(src) by extensions ['ros']
[1.757s] Level 1:colcon.colcon_core.package_identification:_identify(src) by extension 'ros'
[1.757s] Level 1:colcon.colcon_core.package_identification:_identify(src) by extensions ['cmake', 'python']
[1.757s] Level 1:colcon.colcon_core.package_identification:_identify(src) by extension 'cmake'
[1.757s] Level 1:colcon.colcon_core.package_identification:_identify(src) by extension 'python'
[1.758s] Level 1:colcon.colcon_core.package_identification:_identify(src) by extensions ['python_setup_py']
[1.758s] Level 1:colcon.colcon_core.package_identification:_identify(src) by extension 'python_setup_py'
[1.759s] Level 1:colcon.colcon_core.package_identification:_identify(src/sc_mini_ros2) by extensions ['ignore', 'ignore_ament_install']
[1.759s] Level 1:colcon.colcon_core.package_identification:_identify(src/sc_mini_ros2) by extension 'ignore'
[1.759s] Level 1:colcon.colcon_core.package_identification:_identify(src/sc_mini_ros2) by extension 'ignore_ament_install'
[1.760s] Level 1:colcon.colcon_core.package_identification:_identify(src/sc_mini_ros2) by extensions ['colcon_pkg']
[1.760s] Level 1:colcon.colcon_core.package_identification:_identify(src/sc_mini_ros2) by extension 'colcon_pkg'
[1.760s] Level 1:colcon.colcon_core.package_identification:_identify(src/sc_mini_ros2) by extensions ['colcon_meta']
[1.760s] Level 1:colcon.colcon_core.package_identification:_identify(src/sc_mini_ros2) by extension 'colcon_meta'
[1.760s] Level 1:colcon.colcon_core.package_identification:_identify(src/sc_mini_ros2) by extensions ['ros']
[1.760s] Level 1:colcon.colcon_core.package_identification:_identify(src/sc_mini_ros2) by extension 'ros'
[1.777s] DEBUG:colcon.colcon_core.package_identification:Package 'src/sc_mini_ros2' with type 'ros.ament_cmake' and name 'sc_mini_ros2'
[1.778s] Level 1:colcon.colcon_core.package_discovery:discover_packages(recursive) using defaults
[1.779s] Level 1:colcon.colcon_core.package_discovery:discover_packages(ignore) discover
[1.779s] Level 1:colcon.colcon_core.package_discovery:discover_packages(ignore) using defaults
[1.780s] Level 1:colcon.colcon_core.package_discovery:discover_packages(path) discover
[1.780s] Level 1:colcon.colcon_core.package_discovery:discover_packages(path) using defaults
[1.927s] Level 1:colcon.colcon_core.package_discovery:discover_packages(prefix_path) check parameters
[1.927s] Level 1:colcon.colcon_core.package_discovery:discover_packages(prefix_path) discover
[1.935s] DEBUG:colcon.colcon_installed_package_information.package_discovery:Found 1 installed packages in /home/amap/2025_aa10_ros2_ws/install
[1.941s] DEBUG:colcon.colcon_installed_package_information.package_discovery:Found 271 installed packages in /opt/ros/humble
[1.947s] Level 1:colcon.colcon_core.package_discovery:discover_packages(prefix_path) using defaults
[2.130s] Level 5:colcon.colcon_core.verb:set package 'sc_mini_ros2' build argument 'cmake_args' from command line to 'None'
[2.131s] Level 5:colcon.colcon_core.verb:set package 'sc_mini_ros2' build argument 'cmake_target' from command line to 'None'
[2.132s] Level 5:colcon.colcon_core.verb:set package 'sc_mini_ros2' build argument 'cmake_target_skip_unavailable' from command line to 'False'
[2.132s] Level 5:colcon.colcon_core.verb:set package 'sc_mini_ros2' build argument 'cmake_clean_cache' from command line to 'False'
[2.132s] Level 5:colcon.colcon_core.verb:set package 'sc_mini_ros2' build argument 'cmake_clean_first' from command line to 'False'
[2.133s] Level 5:colcon.colcon_core.verb:set package 'sc_mini_ros2' build argument 'cmake_force_configure' from command line to 'False'
[2.133s] Level 5:colcon.colcon_core.verb:set package 'sc_mini_ros2' build argument 'ament_cmake_args' from command line to 'None'
[2.134s] Level 5:colcon.colcon_core.verb:set package 'sc_mini_ros2' build argument 'catkin_cmake_args' from command line to 'None'
[2.134s] Level 5:colcon.colcon_core.verb:set package 'sc_mini_ros2' build argument 'catkin_skip_building_tests' from command line to 'False'
[2.134s] DEBUG:colcon.colcon_core.verb:Building package 'sc_mini_ros2' with the following arguments: {'ament_cmake_args': None, 'build_base': '/home/amap/2025_aa10_ros2_ws/build/sc_mini_ros2', 'catkin_cmake_args': None, 'catkin_skip_building_tests': False, 'cmake_args': None, 'cmake_clean_cache': False, 'cmake_clean_first': False, 'cmake_force_configure': False, 'cmake_target': None, 'cmake_target_skip_unavailable': False, 'install_base': '/home/amap/2025_aa10_ros2_ws/install/sc_mini_ros2', 'merge_install': False, 'path': '/home/amap/2025_aa10_ros2_ws/src/sc_mini_ros2', 'symlink_install': False, 'test_result_base': None}
[2.136s] INFO:colcon.colcon_core.executor:Executing jobs using 'parallel' executor
[2.144s] DEBUG:colcon.colcon_parallel_executor.executor.parallel:run_until_complete
[2.148s] INFO:colcon.colcon_ros.task.ament_cmake.build:Building ROS package in '/home/amap/2025_aa10_ros2_ws/src/sc_mini_ros2' with build type 'ament_cmake'
[2.149s] INFO:colcon.colcon_cmake.task.cmake.build:Building CMake package in '/home/amap/2025_aa10_ros2_ws/src/sc_mini_ros2'
[2.157s] INFO:colcon.colcon_core.plugin_system:Skipping extension 'colcon_core.shell.bat': Not used on non-Windows systems
[2.160s] INFO:colcon.colcon_core.shell:Skip shell extension 'powershell' for command environment: Not usable outside of PowerShell
[2.160s] DEBUG:colcon.colcon_core.shell:Skip shell extension 'dsv' for command environment
[2.197s] DEBUG:colcon.colcon_core.event_handler.log_command:Invoking command in '/home/amap/2025_aa10_ros2_ws/build/sc_mini_ros2': CMAKE_PREFIX_PATH=${CMAKE_PREFIX_PATH}:/opt/ros/humble /usr/bin/cmake --build /home/amap/2025_aa10_ros2_ws/build/sc_mini_ros2 -- -j4 -l4
[24.230s] DEBUG:colcon.colcon_core.event_handler.log_command:Invoked command in '/home/amap/2025_aa10_ros2_ws/build/sc_mini_ros2' returned '0': CMAKE_PREFIX_PATH=${CMAKE_PREFIX_PATH}:/opt/ros/humble /usr/bin/cmake --build /home/amap/2025_aa10_ros2_ws/build/sc_mini_ros2 -- -j4 -l4
[24.301s] DEBUG:colcon.colcon_core.event_handler.log_command:Invoking command in '/home/amap/2025_aa10_ros2_ws/build/sc_mini_ros2': CMAKE_PREFIX_PATH=${CMAKE_PREFIX_PATH}:/opt/ros/humble /usr/bin/cmake --install /home/amap/2025_aa10_ros2_ws/build/sc_mini_ros2
[24.497s] Level 1:colcon.colcon_core.environment:create_environment_scripts_only(sc_mini_ros2)
[24.498s] DEBUG:colcon.colcon_core.event_handler.log_command:Invoked command in '/home/amap/2025_aa10_ros2_ws/build/sc_mini_ros2' returned '0': CMAKE_PREFIX_PATH=${CMAKE_PREFIX_PATH}:/opt/ros/humble /usr/bin/cmake --install /home/amap/2025_aa10_ros2_ws/build/sc_mini_ros2
[24.503s] Level 1:colcon.colcon_core.environment:checking '/home/amap/2025_aa10_ros2_ws/install/sc_mini_ros2' for CMake module files
[24.504s] Level 1:colcon.colcon_core.environment:checking '/home/amap/2025_aa10_ros2_ws/install/sc_mini_ros2' for CMake config files
[24.506s] Level 1:colcon.colcon_core.shell:create_environment_hook('sc_mini_ros2', 'cmake_prefix_path')
[24.507s] INFO:colcon.colcon_core.shell:Creating environment hook '/home/amap/2025_aa10_ros2_ws/install/sc_mini_ros2/share/sc_mini_ros2/hook/cmake_prefix_path.ps1'
[24.511s] INFO:colcon.colcon_core.shell:Creating environment descriptor '/home/amap/2025_aa10_ros2_ws/install/sc_mini_ros2/share/sc_mini_ros2/hook/cmake_prefix_path.dsv'
[24.513s] INFO:colcon.colcon_core.shell:Creating environment hook '/home/amap/2025_aa10_ros2_ws/install/sc_mini_ros2/share/sc_mini_ros2/hook/cmake_prefix_path.sh'
[24.515s] Level 1:colcon.colcon_core.environment:checking '/home/amap/2025_aa10_ros2_ws/install/sc_mini_ros2/lib'
[24.516s] Level 1:colcon.colcon_core.environment:checking '/home/amap/2025_aa10_ros2_ws/install/sc_mini_ros2/bin'
[24.516s] Level 1:colcon.colcon_core.environment:checking '/home/amap/2025_aa10_ros2_ws/install/sc_mini_ros2/lib/pkgconfig/sc_mini_ros2.pc'
[24.516s] Level 1:colcon.colcon_core.environment:checking '/home/amap/2025_aa10_ros2_ws/install/sc_mini_ros2/lib/python3.10/site-packages'
[24.517s] Level 1:colcon.colcon_core.environment:checking '/home/amap/2025_aa10_ros2_ws/install/sc_mini_ros2/bin'
[24.517s] INFO:colcon.colcon_core.shell:Creating package script '/home/amap/2025_aa10_ros2_ws/install/sc_mini_ros2/share/sc_mini_ros2/package.ps1'
[24.519s] INFO:colcon.colcon_core.shell:Creating package descriptor '/home/amap/2025_aa10_ros2_ws/install/sc_mini_ros2/share/sc_mini_ros2/package.dsv'
[24.524s] INFO:colcon.colcon_core.shell:Creating package script '/home/amap/2025_aa10_ros2_ws/install/sc_mini_ros2/share/sc_mini_ros2/package.sh'
[24.530s] INFO:colcon.colcon_core.shell:Creating package script '/home/amap/2025_aa10_ros2_ws/install/sc_mini_ros2/share/sc_mini_ros2/package.bash'
[24.536s] INFO:colcon.colcon_core.shell:Creating package script '/home/amap/2025_aa10_ros2_ws/install/sc_mini_ros2/share/sc_mini_ros2/package.zsh'
[24.539s] Level 1:colcon.colcon_core.environment:create_file_with_runtime_dependencies(/home/amap/2025_aa10_ros2_ws/install/sc_mini_ros2/share/colcon-core/packages/sc_mini_ros2)
[24.542s] Level 1:colcon.colcon_core.environment:create_environment_scripts_only(sc_mini_ros2)
[24.543s] Level 1:colcon.colcon_core.environment:checking '/home/amap/2025_aa10_ros2_ws/install/sc_mini_ros2' for CMake module files
[24.545s] Level 1:colcon.colcon_core.environment:checking '/home/amap/2025_aa10_ros2_ws/install/sc_mini_ros2' for CMake config files
[24.546s] Level 1:colcon.colcon_core.shell:create_environment_hook('sc_mini_ros2', 'cmake_prefix_path')
[24.547s] INFO:colcon.colcon_core.shell:Creating environment hook '/home/amap/2025_aa10_ros2_ws/install/sc_mini_ros2/share/sc_mini_ros2/hook/cmake_prefix_path.ps1'
[24.550s] INFO:colcon.colcon_core.shell:Creating environment descriptor '/home/amap/2025_aa10_ros2_ws/install/sc_mini_ros2/share/sc_mini_ros2/hook/cmake_prefix_path.dsv'
[24.553s] INFO:colcon.colcon_core.shell:Creating environment hook '/home/amap/2025_aa10_ros2_ws/install/sc_mini_ros2/share/sc_mini_ros2/hook/cmake_prefix_path.sh'
[24.560s] Level 1:colcon.colcon_core.environment:checking '/home/amap/2025_aa10_ros2_ws/install/sc_mini_ros2/lib'
[24.560s] Level 1:colcon.colcon_core.environment:checking '/home/amap/2025_aa10_ros2_ws/install/sc_mini_ros2/bin'
[24.560s] Level 1:colcon.colcon_core.environment:checking '/home/amap/2025_aa10_ros2_ws/install/sc_mini_ros2/lib/pkgconfig/sc_mini_ros2.pc'
[24.561s] Level 1:colcon.colcon_core.environment:checking '/home/amap/2025_aa10_ros2_ws/install/sc_mini_ros2/lib/python3.10/site-packages'
[24.564s] Level 1:colcon.colcon_core.environment:checking '/home/amap/2025_aa10_ros2_ws/install/sc_mini_ros2/bin'
[24.567s] INFO:colcon.colcon_core.shell:Creating package script '/home/amap/2025_aa10_ros2_ws/install/sc_mini_ros2/share/sc_mini_ros2/package.ps1'
[24.571s] INFO:colcon.colcon_core.shell:Creating package descriptor '/home/amap/2025_aa10_ros2_ws/install/sc_mini_ros2/share/sc_mini_ros2/package.dsv'
[24.577s] INFO:colcon.colcon_core.shell:Creating package script '/home/amap/2025_aa10_ros2_ws/install/sc_mini_ros2/share/sc_mini_ros2/package.sh'
[24.582s] INFO:colcon.colcon_core.shell:Creating package script '/home/amap/2025_aa10_ros2_ws/install/sc_mini_ros2/share/sc_mini_ros2/package.bash'
[24.587s] INFO:colcon.colcon_core.shell:Creating package script '/home/amap/2025_aa10_ros2_ws/install/sc_mini_ros2/share/sc_mini_ros2/package.zsh'
[24.593s] Level 1:colcon.colcon_core.environment:create_file_with_runtime_dependencies(/home/amap/2025_aa10_ros2_ws/install/sc_mini_ros2/share/colcon-core/packages/sc_mini_ros2)
[24.596s] DEBUG:colcon.colcon_parallel_executor.executor.parallel:closing loop
[24.596s] DEBUG:colcon.colcon_parallel_executor.executor.parallel:loop closed
[24.597s] DEBUG:colcon.colcon_parallel_executor.executor.parallel:run_until_complete finished with '0'
[24.597s] DEBUG:colcon.colcon_core.event_reactor:joining thread
[24.624s] INFO:colcon.colcon_core.plugin_system:Skipping extension 'colcon_notification.desktop_notification.terminal_notifier': Not used on non-Darwin systems
[24.625s] INFO:colcon.colcon_core.plugin_system:Skipping extension 'colcon_notification.desktop_notification.win32': Not used on non-Windows systems
[24.625s] INFO:colcon.colcon_notification.desktop_notification:Sending desktop notification using 'notify2'
[24.668s] DEBUG:colcon.colcon_core.event_reactor:joined thread
[24.669s] INFO:colcon.colcon_core.shell:Creating prefix script '/home/amap/2025_aa10_ros2_ws/install/local_setup.ps1'
[24.675s] INFO:colcon.colcon_core.shell:Creating prefix util module '/home/amap/2025_aa10_ros2_ws/install/_local_setup_util_ps1.py'
[24.702s] INFO:colcon.colcon_core.shell:Creating prefix chain script '/home/amap/2025_aa10_ros2_ws/install/setup.ps1'
[24.716s] INFO:colcon.colcon_core.shell:Creating prefix script '/home/amap/2025_aa10_ros2_ws/install/local_setup.sh'
[24.720s] INFO:colcon.colcon_core.shell:Creating prefix util module '/home/amap/2025_aa10_ros2_ws/install/_local_setup_util_sh.py'
[24.724s] INFO:colcon.colcon_core.shell:Creating prefix chain script '/home/amap/2025_aa10_ros2_ws/install/setup.sh'
[24.734s] INFO:colcon.colcon_core.shell:Creating prefix script '/home/amap/2025_aa10_ros2_ws/install/local_setup.bash'
[24.739s] INFO:colcon.colcon_core.shell:Creating prefix chain script '/home/amap/2025_aa10_ros2_ws/install/setup.bash'
[24.743s] INFO:colcon.colcon_core.shell:Creating prefix script '/home/amap/2025_aa10_ros2_ws/install/local_setup.zsh'
[24.758s] INFO:colcon.colcon_core.shell:Creating prefix chain script '/home/amap/2025_aa10_ros2_ws/install/setup.zsh'
