[0.296s] DEBUG:colcon:Command line arguments: ['/usr/bin/colcon', 'build', '--symlink-install']
[0.297s] DEBUG:colcon:Parsed command line arguments: Namespace(log_base=None, log_level=None, verb_name='build', build_base='build', install_base='install', merge_install=False, symlink_install=True, test_result_base=None, continue_on_error=False, executor='parallel', parallel_workers=4, event_handlers=None, ignore_user_meta=False, metas=['./colcon.meta'], base_paths=['.'], packages_ignore=None, packages_ignore_regex=None, paths=None, packages_up_to=None, packages_up_to_regex=None, packages_above=None, packages_above_and_dependencies=None, packages_above_depth=None, packages_select_by_dep=None, packages_skip_by_dep=None, packages_skip_up_to=None, packages_select_build_failed=False, packages_skip_build_finished=False, packages_select_test_failures=False, packages_skip_test_passed=False, packages_select=None, packages_skip=None, packages_select_regex=None, packages_skip_regex=None, packages_start=None, packages_end=None, allow_overriding=[], cmake_args=None, cmake_target=None, cmake_target_skip_unavailable=False, cmake_clean_cache=False, cmake_clean_first=False, cmake_force_configure=False, ament_cmake_args=None, catkin_cmake_args=None, catkin_skip_building_tests=False, mixin_files=None, mixin=None, verb_parser=<colcon_mixin.mixin.mixin_argument.MixinArgumentDecorator object at 0x70db0d759420>, verb_extension=<colcon_core.verb.build.BuildVerb object at 0x70db0d758f70>, main=<bound method BuildVerb.main of <colcon_core.verb.build.BuildVerb object at 0x70db0d758f70>>, mixin_verb=('build',))
[0.841s] Level 1:colcon.colcon_core.package_discovery:discover_packages(colcon_meta) check parameters
[0.841s] Level 1:colcon.colcon_core.package_discovery:discover_packages(recursive) check parameters
[0.841s] Level 1:colcon.colcon_core.package_discovery:discover_packages(ignore) check parameters
[0.841s] Level 1:colcon.colcon_core.package_discovery:discover_packages(path) check parameters
[0.841s] Level 1:colcon.colcon_core.package_discovery:discover_packages(colcon_meta) discover
[0.842s] Level 1:colcon.colcon_core.package_discovery:discover_packages(recursive) discover
[0.842s] INFO:colcon.colcon_core.package_discovery:Crawling recursively for packages in '/home/amap/2025_aa10_ros2_ws'
[0.842s] Level 1:colcon.colcon_core.package_identification:_identify(.) by extensions ['ignore', 'ignore_ament_install']
[0.842s] Level 1:colcon.colcon_core.package_identification:_identify(.) by extension 'ignore'
[0.842s] Level 1:colcon.colcon_core.package_identification:_identify(.) by extension 'ignore_ament_install'
[0.843s] Level 1:colcon.colcon_core.package_identification:_identify(.) by extensions ['colcon_pkg']
[0.843s] Level 1:colcon.colcon_core.package_identification:_identify(.) by extension 'colcon_pkg'
[0.843s] Level 1:colcon.colcon_core.package_identification:_identify(.) by extensions ['colcon_meta']
[0.843s] Level 1:colcon.colcon_core.package_identification:_identify(.) by extension 'colcon_meta'
[0.843s] Level 1:colcon.colcon_core.package_identification:_identify(.) by extensions ['ros']
[0.843s] Level 1:colcon.colcon_core.package_identification:_identify(.) by extension 'ros'
[0.870s] Level 1:colcon.colcon_core.package_identification:_identify(.) by extensions ['cmake', 'python']
[0.870s] Level 1:colcon.colcon_core.package_identification:_identify(.) by extension 'cmake'
[0.870s] Level 1:colcon.colcon_core.package_identification:_identify(.) by extension 'python'
[0.871s] Level 1:colcon.colcon_core.package_identification:_identify(.) by extensions ['python_setup_py']
[0.871s] Level 1:colcon.colcon_core.package_identification:_identify(.) by extension 'python_setup_py'
[0.871s] Level 1:colcon.colcon_core.package_identification:_identify(build) by extensions ['ignore', 'ignore_ament_install']
[0.871s] Level 1:colcon.colcon_core.package_identification:_identify(build) by extension 'ignore'
[0.871s] Level 1:colcon.colcon_core.package_identification:_identify(build) ignored
[0.872s] Level 1:colcon.colcon_core.package_identification:_identify(install) by extensions ['ignore', 'ignore_ament_install']
[0.872s] Level 1:colcon.colcon_core.package_identification:_identify(install) by extension 'ignore'
[0.872s] Level 1:colcon.colcon_core.package_identification:_identify(install) ignored
[0.873s] Level 1:colcon.colcon_core.package_identification:_identify(log) by extensions ['ignore', 'ignore_ament_install']
[0.873s] Level 1:colcon.colcon_core.package_identification:_identify(log) by extension 'ignore'
[0.873s] Level 1:colcon.colcon_core.package_identification:_identify(log) ignored
[0.873s] Level 1:colcon.colcon_core.package_identification:_identify(src) by extensions ['ignore', 'ignore_ament_install']
[0.874s] Level 1:colcon.colcon_core.package_identification:_identify(src) by extension 'ignore'
[0.874s] Level 1:colcon.colcon_core.package_identification:_identify(src) by extension 'ignore_ament_install'
[0.874s] Level 1:colcon.colcon_core.package_identification:_identify(src) by extensions ['colcon_pkg']
[0.874s] Level 1:colcon.colcon_core.package_identification:_identify(src) by extension 'colcon_pkg'
[0.874s] Level 1:colcon.colcon_core.package_identification:_identify(src) by extensions ['colcon_meta']
[0.874s] Level 1:colcon.colcon_core.package_identification:_identify(src) by extension 'colcon_meta'
[0.875s] Level 1:colcon.colcon_core.package_identification:_identify(src) by extensions ['ros']
[0.875s] Level 1:colcon.colcon_core.package_identification:_identify(src) by extension 'ros'
[0.875s] Level 1:colcon.colcon_core.package_identification:_identify(src) by extensions ['cmake', 'python']
[0.875s] Level 1:colcon.colcon_core.package_identification:_identify(src) by extension 'cmake'
[0.875s] Level 1:colcon.colcon_core.package_identification:_identify(src) by extension 'python'
[0.875s] Level 1:colcon.colcon_core.package_identification:_identify(src) by extensions ['python_setup_py']
[0.875s] Level 1:colcon.colcon_core.package_identification:_identify(src) by extension 'python_setup_py'
[0.876s] Level 1:colcon.colcon_core.package_identification:_identify(src/sc_mini_ros2) by extensions ['ignore', 'ignore_ament_install']
[0.876s] Level 1:colcon.colcon_core.package_identification:_identify(src/sc_mini_ros2) by extension 'ignore'
[0.876s] Level 1:colcon.colcon_core.package_identification:_identify(src/sc_mini_ros2) by extension 'ignore_ament_install'
[0.877s] Level 1:colcon.colcon_core.package_identification:_identify(src/sc_mini_ros2) by extensions ['colcon_pkg']
[0.877s] Level 1:colcon.colcon_core.package_identification:_identify(src/sc_mini_ros2) by extension 'colcon_pkg'
[0.877s] Level 1:colcon.colcon_core.package_identification:_identify(src/sc_mini_ros2) by extensions ['colcon_meta']
[0.877s] Level 1:colcon.colcon_core.package_identification:_identify(src/sc_mini_ros2) by extension 'colcon_meta'
[0.877s] Level 1:colcon.colcon_core.package_identification:_identify(src/sc_mini_ros2) by extensions ['ros']
[0.877s] Level 1:colcon.colcon_core.package_identification:_identify(src/sc_mini_ros2) by extension 'ros'
[0.887s] DEBUG:colcon.colcon_core.package_identification:Package 'src/sc_mini_ros2' with type 'ros.ament_cmake' and name 'sc_mini_ros2'
[0.887s] Level 1:colcon.colcon_core.package_discovery:discover_packages(recursive) using defaults
[0.887s] Level 1:colcon.colcon_core.package_discovery:discover_packages(ignore) discover
[0.887s] Level 1:colcon.colcon_core.package_discovery:discover_packages(ignore) using defaults
[0.887s] Level 1:colcon.colcon_core.package_discovery:discover_packages(path) discover
[0.888s] Level 1:colcon.colcon_core.package_discovery:discover_packages(path) using defaults
[0.984s] Level 1:colcon.colcon_core.package_discovery:discover_packages(prefix_path) check parameters
[0.985s] Level 1:colcon.colcon_core.package_discovery:discover_packages(prefix_path) discover
[0.988s] DEBUG:colcon.colcon_installed_package_information.package_discovery:Found 1 installed packages in /home/amap/2025_aa10_ros2_ws/install
[0.991s] DEBUG:colcon.colcon_installed_package_information.package_discovery:Found 271 installed packages in /opt/ros/humble
[0.995s] Level 1:colcon.colcon_core.package_discovery:discover_packages(prefix_path) using defaults
[1.102s] Level 5:colcon.colcon_core.verb:set package 'sc_mini_ros2' build argument 'cmake_args' from command line to 'None'
[1.102s] Level 5:colcon.colcon_core.verb:set package 'sc_mini_ros2' build argument 'cmake_target' from command line to 'None'
[1.102s] Level 5:colcon.colcon_core.verb:set package 'sc_mini_ros2' build argument 'cmake_target_skip_unavailable' from command line to 'False'
[1.102s] Level 5:colcon.colcon_core.verb:set package 'sc_mini_ros2' build argument 'cmake_clean_cache' from command line to 'False'
[1.102s] Level 5:colcon.colcon_core.verb:set package 'sc_mini_ros2' build argument 'cmake_clean_first' from command line to 'False'
[1.102s] Level 5:colcon.colcon_core.verb:set package 'sc_mini_ros2' build argument 'cmake_force_configure' from command line to 'False'
[1.102s] Level 5:colcon.colcon_core.verb:set package 'sc_mini_ros2' build argument 'ament_cmake_args' from command line to 'None'
[1.102s] Level 5:colcon.colcon_core.verb:set package 'sc_mini_ros2' build argument 'catkin_cmake_args' from command line to 'None'
[1.103s] Level 5:colcon.colcon_core.verb:set package 'sc_mini_ros2' build argument 'catkin_skip_building_tests' from command line to 'False'
[1.103s] DEBUG:colcon.colcon_core.verb:Building package 'sc_mini_ros2' with the following arguments: {'ament_cmake_args': None, 'build_base': '/home/amap/2025_aa10_ros2_ws/build/sc_mini_ros2', 'catkin_cmake_args': None, 'catkin_skip_building_tests': False, 'cmake_args': None, 'cmake_clean_cache': False, 'cmake_clean_first': False, 'cmake_force_configure': False, 'cmake_target': None, 'cmake_target_skip_unavailable': False, 'install_base': '/home/amap/2025_aa10_ros2_ws/install/sc_mini_ros2', 'merge_install': False, 'path': '/home/amap/2025_aa10_ros2_ws/src/sc_mini_ros2', 'symlink_install': True, 'test_result_base': None}
[1.103s] INFO:colcon.colcon_core.executor:Executing jobs using 'parallel' executor
[1.107s] DEBUG:colcon.colcon_parallel_executor.executor.parallel:run_until_complete
[1.108s] INFO:colcon.colcon_ros.task.ament_cmake.build:Building ROS package in '/home/amap/2025_aa10_ros2_ws/src/sc_mini_ros2' with build type 'ament_cmake'
[1.108s] INFO:colcon.colcon_cmake.task.cmake.build:Building CMake package in '/home/amap/2025_aa10_ros2_ws/src/sc_mini_ros2'
[1.115s] INFO:colcon.colcon_core.plugin_system:Skipping extension 'colcon_core.shell.bat': Not used on non-Windows systems
[1.116s] INFO:colcon.colcon_core.shell:Skip shell extension 'powershell' for command environment: Not usable outside of PowerShell
[1.116s] DEBUG:colcon.colcon_core.shell:Skip shell extension 'dsv' for command environment
[1.141s] DEBUG:colcon.colcon_core.event_handler.log_command:Invoking command in '/home/amap/2025_aa10_ros2_ws/build/sc_mini_ros2': CMAKE_PREFIX_PATH=${CMAKE_PREFIX_PATH}:/opt/ros/humble /usr/bin/cmake --build /home/amap/2025_aa10_ros2_ws/build/sc_mini_ros2 -- -j4 -l4
[1.321s] DEBUG:colcon.colcon_core.event_handler.log_command:Invoked command in '/home/amap/2025_aa10_ros2_ws/build/sc_mini_ros2' returned '0': CMAKE_PREFIX_PATH=${CMAKE_PREFIX_PATH}:/opt/ros/humble /usr/bin/cmake --build /home/amap/2025_aa10_ros2_ws/build/sc_mini_ros2 -- -j4 -l4
[1.353s] DEBUG:colcon.colcon_core.event_handler.log_command:Invoking command in '/home/amap/2025_aa10_ros2_ws/build/sc_mini_ros2': CMAKE_PREFIX_PATH=${CMAKE_PREFIX_PATH}:/opt/ros/humble /usr/bin/cmake --install /home/amap/2025_aa10_ros2_ws/build/sc_mini_ros2
[1.413s] Level 1:colcon.colcon_core.environment:create_environment_scripts_only(sc_mini_ros2)
[1.415s] DEBUG:colcon.colcon_core.event_handler.log_command:Invoked command in '/home/amap/2025_aa10_ros2_ws/build/sc_mini_ros2' returned '0': CMAKE_PREFIX_PATH=${CMAKE_PREFIX_PATH}:/opt/ros/humble /usr/bin/cmake --install /home/amap/2025_aa10_ros2_ws/build/sc_mini_ros2
[1.420s] Level 1:colcon.colcon_core.environment:checking '/home/amap/2025_aa10_ros2_ws/install/sc_mini_ros2' for CMake module files
[1.421s] Level 1:colcon.colcon_core.environment:checking '/home/amap/2025_aa10_ros2_ws/install/sc_mini_ros2' for CMake config files
[1.422s] Level 1:colcon.colcon_core.shell:create_environment_hook('sc_mini_ros2', 'cmake_prefix_path')
[1.422s] INFO:colcon.colcon_core.shell:Creating environment hook '/home/amap/2025_aa10_ros2_ws/install/sc_mini_ros2/share/sc_mini_ros2/hook/cmake_prefix_path.ps1'
[1.424s] INFO:colcon.colcon_core.shell:Creating environment descriptor '/home/amap/2025_aa10_ros2_ws/install/sc_mini_ros2/share/sc_mini_ros2/hook/cmake_prefix_path.dsv'
[1.425s] INFO:colcon.colcon_core.shell:Creating environment hook '/home/amap/2025_aa10_ros2_ws/install/sc_mini_ros2/share/sc_mini_ros2/hook/cmake_prefix_path.sh'
[1.429s] Level 1:colcon.colcon_core.environment:checking '/home/amap/2025_aa10_ros2_ws/install/sc_mini_ros2/lib'
[1.429s] Level 1:colcon.colcon_core.environment:checking '/home/amap/2025_aa10_ros2_ws/install/sc_mini_ros2/bin'
[1.430s] Level 1:colcon.colcon_core.environment:checking '/home/amap/2025_aa10_ros2_ws/install/sc_mini_ros2/lib/pkgconfig/sc_mini_ros2.pc'
[1.431s] Level 1:colcon.colcon_core.environment:checking '/home/amap/2025_aa10_ros2_ws/install/sc_mini_ros2/lib/python3.10/site-packages'
[1.432s] Level 1:colcon.colcon_core.environment:checking '/home/amap/2025_aa10_ros2_ws/install/sc_mini_ros2/bin'
[1.433s] INFO:colcon.colcon_core.shell:Creating package script '/home/amap/2025_aa10_ros2_ws/install/sc_mini_ros2/share/sc_mini_ros2/package.ps1'
[1.436s] INFO:colcon.colcon_core.shell:Creating package descriptor '/home/amap/2025_aa10_ros2_ws/install/sc_mini_ros2/share/sc_mini_ros2/package.dsv'
[1.437s] INFO:colcon.colcon_core.shell:Creating package script '/home/amap/2025_aa10_ros2_ws/install/sc_mini_ros2/share/sc_mini_ros2/package.sh'
[1.440s] INFO:colcon.colcon_core.shell:Creating package script '/home/amap/2025_aa10_ros2_ws/install/sc_mini_ros2/share/sc_mini_ros2/package.bash'
[1.442s] INFO:colcon.colcon_core.shell:Creating package script '/home/amap/2025_aa10_ros2_ws/install/sc_mini_ros2/share/sc_mini_ros2/package.zsh'
[1.444s] Level 1:colcon.colcon_core.environment:create_file_with_runtime_dependencies(/home/amap/2025_aa10_ros2_ws/install/sc_mini_ros2/share/colcon-core/packages/sc_mini_ros2)
[1.446s] Level 1:colcon.colcon_core.environment:create_environment_scripts_only(sc_mini_ros2)
[1.446s] Level 1:colcon.colcon_core.environment:checking '/home/amap/2025_aa10_ros2_ws/install/sc_mini_ros2' for CMake module files
[1.448s] Level 1:colcon.colcon_core.environment:checking '/home/amap/2025_aa10_ros2_ws/install/sc_mini_ros2' for CMake config files
[1.448s] Level 1:colcon.colcon_core.shell:create_environment_hook('sc_mini_ros2', 'cmake_prefix_path')
[1.450s] INFO:colcon.colcon_core.shell:Creating environment hook '/home/amap/2025_aa10_ros2_ws/install/sc_mini_ros2/share/sc_mini_ros2/hook/cmake_prefix_path.ps1'
[1.452s] INFO:colcon.colcon_core.shell:Creating environment descriptor '/home/amap/2025_aa10_ros2_ws/install/sc_mini_ros2/share/sc_mini_ros2/hook/cmake_prefix_path.dsv'
[1.453s] INFO:colcon.colcon_core.shell:Creating environment hook '/home/amap/2025_aa10_ros2_ws/install/sc_mini_ros2/share/sc_mini_ros2/hook/cmake_prefix_path.sh'
[1.455s] Level 1:colcon.colcon_core.environment:checking '/home/amap/2025_aa10_ros2_ws/install/sc_mini_ros2/lib'
[1.455s] Level 1:colcon.colcon_core.environment:checking '/home/amap/2025_aa10_ros2_ws/install/sc_mini_ros2/bin'
[1.455s] Level 1:colcon.colcon_core.environment:checking '/home/amap/2025_aa10_ros2_ws/install/sc_mini_ros2/lib/pkgconfig/sc_mini_ros2.pc'
[1.456s] Level 1:colcon.colcon_core.environment:checking '/home/amap/2025_aa10_ros2_ws/install/sc_mini_ros2/lib/python3.10/site-packages'
[1.457s] Level 1:colcon.colcon_core.environment:checking '/home/amap/2025_aa10_ros2_ws/install/sc_mini_ros2/bin'
[1.459s] INFO:colcon.colcon_core.shell:Creating package script '/home/amap/2025_aa10_ros2_ws/install/sc_mini_ros2/share/sc_mini_ros2/package.ps1'
[1.462s] INFO:colcon.colcon_core.shell:Creating package descriptor '/home/amap/2025_aa10_ros2_ws/install/sc_mini_ros2/share/sc_mini_ros2/package.dsv'
[1.464s] INFO:colcon.colcon_core.shell:Creating package script '/home/amap/2025_aa10_ros2_ws/install/sc_mini_ros2/share/sc_mini_ros2/package.sh'
[1.466s] INFO:colcon.colcon_core.shell:Creating package script '/home/amap/2025_aa10_ros2_ws/install/sc_mini_ros2/share/sc_mini_ros2/package.bash'
[1.469s] INFO:colcon.colcon_core.shell:Creating package script '/home/amap/2025_aa10_ros2_ws/install/sc_mini_ros2/share/sc_mini_ros2/package.zsh'
[1.470s] Level 1:colcon.colcon_core.environment:create_file_with_runtime_dependencies(/home/amap/2025_aa10_ros2_ws/install/sc_mini_ros2/share/colcon-core/packages/sc_mini_ros2)
[1.471s] DEBUG:colcon.colcon_parallel_executor.executor.parallel:closing loop
[1.472s] DEBUG:colcon.colcon_parallel_executor.executor.parallel:loop closed
[1.473s] DEBUG:colcon.colcon_parallel_executor.executor.parallel:run_until_complete finished with '0'
[1.473s] DEBUG:colcon.colcon_core.event_reactor:joining thread
[1.496s] INFO:colcon.colcon_core.plugin_system:Skipping extension 'colcon_notification.desktop_notification.terminal_notifier': Not used on non-Darwin systems
[1.497s] INFO:colcon.colcon_core.plugin_system:Skipping extension 'colcon_notification.desktop_notification.win32': Not used on non-Windows systems
[1.497s] INFO:colcon.colcon_notification.desktop_notification:Sending desktop notification using 'notify2'
[1.545s] DEBUG:colcon.colcon_core.event_reactor:joined thread
[1.546s] INFO:colcon.colcon_core.shell:Creating prefix script '/home/amap/2025_aa10_ros2_ws/install/local_setup.ps1'
[1.548s] INFO:colcon.colcon_core.shell:Creating prefix util module '/home/amap/2025_aa10_ros2_ws/install/_local_setup_util_ps1.py'
[1.554s] INFO:colcon.colcon_core.shell:Creating prefix chain script '/home/amap/2025_aa10_ros2_ws/install/setup.ps1'
[1.564s] INFO:colcon.colcon_core.shell:Creating prefix script '/home/amap/2025_aa10_ros2_ws/install/local_setup.sh'
[1.567s] INFO:colcon.colcon_core.shell:Creating prefix util module '/home/amap/2025_aa10_ros2_ws/install/_local_setup_util_sh.py'
[1.569s] INFO:colcon.colcon_core.shell:Creating prefix chain script '/home/amap/2025_aa10_ros2_ws/install/setup.sh'
[1.573s] INFO:colcon.colcon_core.shell:Creating prefix script '/home/amap/2025_aa10_ros2_ws/install/local_setup.bash'
[1.580s] INFO:colcon.colcon_core.shell:Creating prefix chain script '/home/amap/2025_aa10_ros2_ws/install/setup.bash'
[1.586s] INFO:colcon.colcon_core.shell:Creating prefix script '/home/amap/2025_aa10_ros2_ws/install/local_setup.zsh'
[1.594s] INFO:colcon.colcon_core.shell:Creating prefix chain script '/home/amap/2025_aa10_ros2_ws/install/setup.zsh'
