[0.028s] Invoking command in '/home/amap/2025_aa10_ros2_ws/build/sc_mini_ros2': CMAKE_PREFIX_PATH=${CMAKE_PREFIX_PATH}:/opt/ros/humble /usr/bin/cmake --build /home/amap/2025_aa10_ros2_ws/build/sc_mini_ros2 -- -j4 -l4
[0.169s] [100%] Built target sc_mini_ros2
[0.195s] Invoked command in '/home/amap/2025_aa10_ros2_ws/build/sc_mini_ros2' returned '0': CMAKE_PREFIX_PATH=${CMAKE_PREFIX_PATH}:/opt/ros/humble /usr/bin/cmake --build /home/amap/2025_aa10_ros2_ws/build/sc_mini_ros2 -- -j4 -l4
[0.214s] Invoking command in '/home/amap/2025_aa10_ros2_ws/build/sc_mini_ros2': CMAKE_PREFIX_PATH=${CMAKE_PREFIX_PATH}:/opt/ros/humble /usr/bin/cmake --install /home/amap/2025_aa10_ros2_ws/build/sc_mini_ros2
[0.233s] -- Install configuration: ""
[0.235s] -- Execute custom install script
[0.237s] -- Up-to-date symlink: /home/amap/2025_aa10_ros2_ws/install/sc_mini_ros2/lib/sc_mini_ros2/sc_mini_ros2
[0.239s] -- Up-to-date symlink: /home/amap/2025_aa10_ros2_ws/install/sc_mini_ros2/share/sc_mini_ros2//launch/rviz.launch.py
[0.239s] -- Up-to-date symlink: /home/amap/2025_aa10_ros2_ws/install/sc_mini_ros2/share/sc_mini_ros2//launch/start.launch.py
[0.239s] -- Up-to-date symlink: /home/amap/2025_aa10_ros2_ws/install/sc_mini_ros2/share/sc_mini_ros2//launch/start_tf.launch.py
[0.240s] -- Up-to-date symlink: /home/amap/2025_aa10_ros2_ws/install/sc_mini_ros2/share/sc_mini_ros2//rviz/sc_m.rviz
[0.241s] -- Up-to-date symlink: /home/amap/2025_aa10_ros2_ws/install/sc_mini_ros2/share/sc_mini_ros2//sc_mini.rules
[0.241s] -- Up-to-date symlink: /home/amap/2025_aa10_ros2_ws/install/sc_mini_ros2/share/ament_index/resource_index/package_run_dependencies/sc_mini_ros2
[0.242s] -- Up-to-date symlink: /home/amap/2025_aa10_ros2_ws/install/sc_mini_ros2/share/ament_index/resource_index/parent_prefix_path/sc_mini_ros2
[0.242s] -- Up-to-date symlink: /home/amap/2025_aa10_ros2_ws/install/sc_mini_ros2/share/sc_mini_ros2/environment/ament_prefix_path.sh
[0.243s] -- Up-to-date symlink: /home/amap/2025_aa10_ros2_ws/install/sc_mini_ros2/share/sc_mini_ros2/environment/ament_prefix_path.dsv
[0.243s] -- Up-to-date symlink: /home/amap/2025_aa10_ros2_ws/install/sc_mini_ros2/share/sc_mini_ros2/environment/path.sh
[0.244s] -- Up-to-date symlink: /home/amap/2025_aa10_ros2_ws/install/sc_mini_ros2/share/sc_mini_ros2/environment/path.dsv
[0.245s] -- Up-to-date symlink: /home/amap/2025_aa10_ros2_ws/install/sc_mini_ros2/share/sc_mini_ros2/local_setup.bash
[0.245s] -- Up-to-date symlink: /home/amap/2025_aa10_ros2_ws/install/sc_mini_ros2/share/sc_mini_ros2/local_setup.sh
[0.246s] -- Up-to-date symlink: /home/amap/2025_aa10_ros2_ws/install/sc_mini_ros2/share/sc_mini_ros2/local_setup.zsh
[0.246s] -- Up-to-date symlink: /home/amap/2025_aa10_ros2_ws/install/sc_mini_ros2/share/sc_mini_ros2/local_setup.dsv
[0.246s] -- Symlinking: /home/amap/2025_aa10_ros2_ws/install/sc_mini_ros2/share/sc_mini_ros2/package.dsv
[0.271s] -- Up-to-date symlink: /home/amap/2025_aa10_ros2_ws/install/sc_mini_ros2/share/ament_index/resource_index/packages/sc_mini_ros2
[0.272s] -- Up-to-date symlink: /home/amap/2025_aa10_ros2_ws/install/sc_mini_ros2/share/sc_mini_ros2/cmake/sc_mini_ros2Config.cmake
[0.273s] -- Up-to-date symlink: /home/amap/2025_aa10_ros2_ws/install/sc_mini_ros2/share/sc_mini_ros2/cmake/sc_mini_ros2Config-version.cmake
[0.273s] -- Up-to-date symlink: /home/amap/2025_aa10_ros2_ws/install/sc_mini_ros2/share/sc_mini_ros2/package.xml
[0.277s] Invoked command in '/home/amap/2025_aa10_ros2_ws/build/sc_mini_ros2' returned '0': CMAKE_PREFIX_PATH=${CMAKE_PREFIX_PATH}:/opt/ros/humble /usr/bin/cmake --install /home/amap/2025_aa10_ros2_ws/build/sc_mini_ros2
