[0.235s] DEBUG:colcon:Command line arguments: ['/usr/bin/colcon', 'build', '--symlink-install']
[0.235s] DEBUG:colcon:Parsed command line arguments: Namespace(log_base=None, log_level=None, verb_name='build', build_base='build', install_base='install', merge_install=False, symlink_install=True, test_result_base=None, continue_on_error=False, executor='parallel', parallel_workers=4, event_handlers=None, ignore_user_meta=False, metas=['./colcon.meta'], base_paths=['.'], packages_ignore=None, packages_ignore_regex=None, paths=None, packages_up_to=None, packages_up_to_regex=None, packages_above=None, packages_above_and_dependencies=None, packages_above_depth=None, packages_select_by_dep=None, packages_skip_by_dep=None, packages_skip_up_to=None, packages_select_build_failed=False, packages_skip_build_finished=False, packages_select_test_failures=False, packages_skip_test_passed=False, packages_select=None, packages_skip=None, packages_select_regex=None, packages_skip_regex=None, packages_start=None, packages_end=None, allow_overriding=[], cmake_args=None, cmake_target=None, cmake_target_skip_unavailable=False, cmake_clean_cache=False, cmake_clean_first=False, cmake_force_configure=False, ament_cmake_args=None, catkin_cmake_args=None, catkin_skip_building_tests=False, mixin_files=None, mixin=None, verb_parser=<colcon_mixin.mixin.mixin_argument.MixinArgumentDecorator object at 0x7b0eb0955420>, verb_extension=<colcon_core.verb.build.BuildVerb object at 0x7b0eb0954f70>, main=<bound method BuildVerb.main of <colcon_core.verb.build.BuildVerb object at 0x7b0eb0954f70>>, mixin_verb=('build',))
[0.693s] Level 1:colcon.colcon_core.package_discovery:discover_packages(colcon_meta) check parameters
[0.693s] Level 1:colcon.colcon_core.package_discovery:discover_packages(recursive) check parameters
[0.693s] Level 1:colcon.colcon_core.package_discovery:discover_packages(ignore) check parameters
[0.693s] Level 1:colcon.colcon_core.package_discovery:discover_packages(path) check parameters
[0.693s] Level 1:colcon.colcon_core.package_discovery:discover_packages(colcon_meta) discover
[0.694s] Level 1:colcon.colcon_core.package_discovery:discover_packages(recursive) discover
[0.694s] INFO:colcon.colcon_core.package_discovery:Crawling recursively for packages in '/home/amap/2025_aa10_ros2_ws'
[0.694s] Level 1:colcon.colcon_core.package_identification:_identify(.) by extensions ['ignore', 'ignore_ament_install']
[0.694s] Level 1:colcon.colcon_core.package_identification:_identify(.) by extension 'ignore'
[0.694s] Level 1:colcon.colcon_core.package_identification:_identify(.) by extension 'ignore_ament_install'
[0.694s] Level 1:colcon.colcon_core.package_identification:_identify(.) by extensions ['colcon_pkg']
[0.694s] Level 1:colcon.colcon_core.package_identification:_identify(.) by extension 'colcon_pkg'
[0.694s] Level 1:colcon.colcon_core.package_identification:_identify(.) by extensions ['colcon_meta']
[0.695s] Level 1:colcon.colcon_core.package_identification:_identify(.) by extension 'colcon_meta'
[0.695s] Level 1:colcon.colcon_core.package_identification:_identify(.) by extensions ['ros']
[0.695s] Level 1:colcon.colcon_core.package_identification:_identify(.) by extension 'ros'
[0.719s] Level 1:colcon.colcon_core.package_identification:_identify(.) by extensions ['cmake', 'python']
[0.719s] Level 1:colcon.colcon_core.package_identification:_identify(.) by extension 'cmake'
[0.719s] Level 1:colcon.colcon_core.package_identification:_identify(.) by extension 'python'
[0.719s] Level 1:colcon.colcon_core.package_identification:_identify(.) by extensions ['python_setup_py']
[0.719s] Level 1:colcon.colcon_core.package_identification:_identify(.) by extension 'python_setup_py'
[0.720s] Level 1:colcon.colcon_core.package_identification:_identify(build) by extensions ['ignore', 'ignore_ament_install']
[0.720s] Level 1:colcon.colcon_core.package_identification:_identify(build) by extension 'ignore'
[0.720s] Level 1:colcon.colcon_core.package_identification:_identify(build) ignored
[0.720s] Level 1:colcon.colcon_core.package_identification:_identify(install) by extensions ['ignore', 'ignore_ament_install']
[0.720s] Level 1:colcon.colcon_core.package_identification:_identify(install) by extension 'ignore'
[0.721s] Level 1:colcon.colcon_core.package_identification:_identify(install) ignored
[0.721s] Level 1:colcon.colcon_core.package_identification:_identify(log) by extensions ['ignore', 'ignore_ament_install']
[0.721s] Level 1:colcon.colcon_core.package_identification:_identify(log) by extension 'ignore'
[0.721s] Level 1:colcon.colcon_core.package_identification:_identify(log) ignored
[0.721s] Level 1:colcon.colcon_core.package_identification:_identify(src) by extensions ['ignore', 'ignore_ament_install']
[0.721s] Level 1:colcon.colcon_core.package_identification:_identify(src) by extension 'ignore'
[0.721s] Level 1:colcon.colcon_core.package_identification:_identify(src) by extension 'ignore_ament_install'
[0.722s] Level 1:colcon.colcon_core.package_identification:_identify(src) by extensions ['colcon_pkg']
[0.722s] Level 1:colcon.colcon_core.package_identification:_identify(src) by extension 'colcon_pkg'
[0.722s] Level 1:colcon.colcon_core.package_identification:_identify(src) by extensions ['colcon_meta']
[0.722s] Level 1:colcon.colcon_core.package_identification:_identify(src) by extension 'colcon_meta'
[0.722s] Level 1:colcon.colcon_core.package_identification:_identify(src) by extensions ['ros']
[0.722s] Level 1:colcon.colcon_core.package_identification:_identify(src) by extension 'ros'
[0.722s] Level 1:colcon.colcon_core.package_identification:_identify(src) by extensions ['cmake', 'python']
[0.722s] Level 1:colcon.colcon_core.package_identification:_identify(src) by extension 'cmake'
[0.722s] Level 1:colcon.colcon_core.package_identification:_identify(src) by extension 'python'
[0.722s] Level 1:colcon.colcon_core.package_identification:_identify(src) by extensions ['python_setup_py']
[0.722s] Level 1:colcon.colcon_core.package_identification:_identify(src) by extension 'python_setup_py'
[0.723s] Level 1:colcon.colcon_core.package_identification:_identify(src/sc_mini_ros2) by extensions ['ignore', 'ignore_ament_install']
[0.723s] Level 1:colcon.colcon_core.package_identification:_identify(src/sc_mini_ros2) by extension 'ignore'
[0.723s] Level 1:colcon.colcon_core.package_identification:_identify(src/sc_mini_ros2) by extension 'ignore_ament_install'
[0.723s] Level 1:colcon.colcon_core.package_identification:_identify(src/sc_mini_ros2) by extensions ['colcon_pkg']
[0.723s] Level 1:colcon.colcon_core.package_identification:_identify(src/sc_mini_ros2) by extension 'colcon_pkg'
[0.723s] Level 1:colcon.colcon_core.package_identification:_identify(src/sc_mini_ros2) by extensions ['colcon_meta']
[0.723s] Level 1:colcon.colcon_core.package_identification:_identify(src/sc_mini_ros2) by extension 'colcon_meta'
[0.723s] Level 1:colcon.colcon_core.package_identification:_identify(src/sc_mini_ros2) by extensions ['ros']
[0.724s] Level 1:colcon.colcon_core.package_identification:_identify(src/sc_mini_ros2) by extension 'ros'
[0.730s] DEBUG:colcon.colcon_core.package_identification:Package 'src/sc_mini_ros2' with type 'ros.ament_cmake' and name 'sc_mini_ros2'
[0.730s] Level 1:colcon.colcon_core.package_discovery:discover_packages(recursive) using defaults
[0.730s] Level 1:colcon.colcon_core.package_discovery:discover_packages(ignore) discover
[0.730s] Level 1:colcon.colcon_core.package_discovery:discover_packages(ignore) using defaults
[0.730s] Level 1:colcon.colcon_core.package_discovery:discover_packages(path) discover
[0.730s] Level 1:colcon.colcon_core.package_discovery:discover_packages(path) using defaults
[0.794s] Level 1:colcon.colcon_core.package_discovery:discover_packages(prefix_path) check parameters
[0.794s] Level 1:colcon.colcon_core.package_discovery:discover_packages(prefix_path) discover
[0.797s] DEBUG:colcon.colcon_installed_package_information.package_discovery:Found 1 installed packages in /home/amap/2025_aa10_ros2_ws/install
[0.800s] DEBUG:colcon.colcon_installed_package_information.package_discovery:Found 271 installed packages in /opt/ros/humble
[0.804s] Level 1:colcon.colcon_core.package_discovery:discover_packages(prefix_path) using defaults
[0.928s] Level 5:colcon.colcon_core.verb:set package 'sc_mini_ros2' build argument 'cmake_args' from command line to 'None'
[0.928s] Level 5:colcon.colcon_core.verb:set package 'sc_mini_ros2' build argument 'cmake_target' from command line to 'None'
[0.928s] Level 5:colcon.colcon_core.verb:set package 'sc_mini_ros2' build argument 'cmake_target_skip_unavailable' from command line to 'False'
[0.928s] Level 5:colcon.colcon_core.verb:set package 'sc_mini_ros2' build argument 'cmake_clean_cache' from command line to 'False'
[0.928s] Level 5:colcon.colcon_core.verb:set package 'sc_mini_ros2' build argument 'cmake_clean_first' from command line to 'False'
[0.929s] Level 5:colcon.colcon_core.verb:set package 'sc_mini_ros2' build argument 'cmake_force_configure' from command line to 'False'
[0.929s] Level 5:colcon.colcon_core.verb:set package 'sc_mini_ros2' build argument 'ament_cmake_args' from command line to 'None'
[0.929s] Level 5:colcon.colcon_core.verb:set package 'sc_mini_ros2' build argument 'catkin_cmake_args' from command line to 'None'
[0.929s] Level 5:colcon.colcon_core.verb:set package 'sc_mini_ros2' build argument 'catkin_skip_building_tests' from command line to 'False'
[0.929s] DEBUG:colcon.colcon_core.verb:Building package 'sc_mini_ros2' with the following arguments: {'ament_cmake_args': None, 'build_base': '/home/amap/2025_aa10_ros2_ws/build/sc_mini_ros2', 'catkin_cmake_args': None, 'catkin_skip_building_tests': False, 'cmake_args': None, 'cmake_clean_cache': False, 'cmake_clean_first': False, 'cmake_force_configure': False, 'cmake_target': None, 'cmake_target_skip_unavailable': False, 'install_base': '/home/amap/2025_aa10_ros2_ws/install/sc_mini_ros2', 'merge_install': False, 'path': '/home/amap/2025_aa10_ros2_ws/src/sc_mini_ros2', 'symlink_install': True, 'test_result_base': None}
[0.930s] INFO:colcon.colcon_core.executor:Executing jobs using 'parallel' executor
[0.934s] DEBUG:colcon.colcon_parallel_executor.executor.parallel:run_until_complete
[0.934s] INFO:colcon.colcon_ros.task.ament_cmake.build:Building ROS package in '/home/amap/2025_aa10_ros2_ws/src/sc_mini_ros2' with build type 'ament_cmake'
[0.935s] INFO:colcon.colcon_cmake.task.cmake.build:Building CMake package in '/home/amap/2025_aa10_ros2_ws/src/sc_mini_ros2'
[0.946s] INFO:colcon.colcon_core.plugin_system:Skipping extension 'colcon_core.shell.bat': Not used on non-Windows systems
[0.947s] INFO:colcon.colcon_core.shell:Skip shell extension 'powershell' for command environment: Not usable outside of PowerShell
[0.947s] DEBUG:colcon.colcon_core.shell:Skip shell extension 'dsv' for command environment
[0.977s] DEBUG:colcon.colcon_core.event_handler.log_command:Invoking command in '/home/amap/2025_aa10_ros2_ws/build/sc_mini_ros2': CMAKE_PREFIX_PATH=${CMAKE_PREFIX_PATH}:/opt/ros/humble /usr/bin/cmake /home/amap/2025_aa10_ros2_ws/src/sc_mini_ros2 -DAMENT_CMAKE_SYMLINK_INSTALL=1 -DCMAKE_INSTALL_PREFIX=/home/amap/2025_aa10_ros2_ws/install/sc_mini_ros2
[2.527s] DEBUG:colcon.colcon_core.event_handler.log_command:Invoked command in '/home/amap/2025_aa10_ros2_ws/build/sc_mini_ros2' returned '0': CMAKE_PREFIX_PATH=${CMAKE_PREFIX_PATH}:/opt/ros/humble /usr/bin/cmake /home/amap/2025_aa10_ros2_ws/src/sc_mini_ros2 -DAMENT_CMAKE_SYMLINK_INSTALL=1 -DCMAKE_INSTALL_PREFIX=/home/amap/2025_aa10_ros2_ws/install/sc_mini_ros2
[2.531s] DEBUG:colcon.colcon_core.event_handler.log_command:Invoking command in '/home/amap/2025_aa10_ros2_ws/build/sc_mini_ros2': CMAKE_PREFIX_PATH=${CMAKE_PREFIX_PATH}:/opt/ros/humble /usr/bin/cmake --build /home/amap/2025_aa10_ros2_ws/build/sc_mini_ros2 -- -j4 -l4
[14.909s] DEBUG:colcon.colcon_core.event_handler.log_command:Invoked command in '/home/amap/2025_aa10_ros2_ws/build/sc_mini_ros2' returned '0': CMAKE_PREFIX_PATH=${CMAKE_PREFIX_PATH}:/opt/ros/humble /usr/bin/cmake --build /home/amap/2025_aa10_ros2_ws/build/sc_mini_ros2 -- -j4 -l4
[14.928s] DEBUG:colcon.colcon_core.event_handler.log_command:Invoking command in '/home/amap/2025_aa10_ros2_ws/build/sc_mini_ros2': CMAKE_PREFIX_PATH=${CMAKE_PREFIX_PATH}:/opt/ros/humble /usr/bin/cmake --install /home/amap/2025_aa10_ros2_ws/build/sc_mini_ros2
[14.974s] Level 1:colcon.colcon_core.environment:create_environment_scripts_only(sc_mini_ros2)
[14.976s] DEBUG:colcon.colcon_core.event_handler.log_command:Invoked command in '/home/amap/2025_aa10_ros2_ws/build/sc_mini_ros2' returned '0': CMAKE_PREFIX_PATH=${CMAKE_PREFIX_PATH}:/opt/ros/humble /usr/bin/cmake --install /home/amap/2025_aa10_ros2_ws/build/sc_mini_ros2
[14.982s] Level 1:colcon.colcon_core.environment:checking '/home/amap/2025_aa10_ros2_ws/install/sc_mini_ros2' for CMake module files
[14.984s] Level 1:colcon.colcon_core.environment:checking '/home/amap/2025_aa10_ros2_ws/install/sc_mini_ros2' for CMake config files
[14.985s] Level 1:colcon.colcon_core.shell:create_environment_hook('sc_mini_ros2', 'cmake_prefix_path')
[14.986s] INFO:colcon.colcon_core.shell:Creating environment hook '/home/amap/2025_aa10_ros2_ws/install/sc_mini_ros2/share/sc_mini_ros2/hook/cmake_prefix_path.ps1'
[14.988s] INFO:colcon.colcon_core.shell:Creating environment descriptor '/home/amap/2025_aa10_ros2_ws/install/sc_mini_ros2/share/sc_mini_ros2/hook/cmake_prefix_path.dsv'
[14.990s] INFO:colcon.colcon_core.shell:Creating environment hook '/home/amap/2025_aa10_ros2_ws/install/sc_mini_ros2/share/sc_mini_ros2/hook/cmake_prefix_path.sh'
[14.993s] Level 1:colcon.colcon_core.environment:checking '/home/amap/2025_aa10_ros2_ws/install/sc_mini_ros2/lib'
[14.993s] Level 1:colcon.colcon_core.environment:checking '/home/amap/2025_aa10_ros2_ws/install/sc_mini_ros2/bin'
[14.993s] Level 1:colcon.colcon_core.environment:checking '/home/amap/2025_aa10_ros2_ws/install/sc_mini_ros2/lib/pkgconfig/sc_mini_ros2.pc'
[14.994s] Level 1:colcon.colcon_core.environment:checking '/home/amap/2025_aa10_ros2_ws/install/sc_mini_ros2/lib/python3.10/site-packages'
[14.995s] Level 1:colcon.colcon_core.environment:checking '/home/amap/2025_aa10_ros2_ws/install/sc_mini_ros2/bin'
[14.996s] INFO:colcon.colcon_core.shell:Creating package script '/home/amap/2025_aa10_ros2_ws/install/sc_mini_ros2/share/sc_mini_ros2/package.ps1'
[14.998s] INFO:colcon.colcon_core.shell:Creating package descriptor '/home/amap/2025_aa10_ros2_ws/install/sc_mini_ros2/share/sc_mini_ros2/package.dsv'
[15.001s] INFO:colcon.colcon_core.shell:Creating package script '/home/amap/2025_aa10_ros2_ws/install/sc_mini_ros2/share/sc_mini_ros2/package.sh'
[15.004s] INFO:colcon.colcon_core.shell:Creating package script '/home/amap/2025_aa10_ros2_ws/install/sc_mini_ros2/share/sc_mini_ros2/package.bash'
[15.007s] INFO:colcon.colcon_core.shell:Creating package script '/home/amap/2025_aa10_ros2_ws/install/sc_mini_ros2/share/sc_mini_ros2/package.zsh'
[15.010s] Level 1:colcon.colcon_core.environment:create_file_with_runtime_dependencies(/home/amap/2025_aa10_ros2_ws/install/sc_mini_ros2/share/colcon-core/packages/sc_mini_ros2)
[15.012s] Level 1:colcon.colcon_core.environment:create_environment_scripts_only(sc_mini_ros2)
[15.013s] Level 1:colcon.colcon_core.environment:checking '/home/amap/2025_aa10_ros2_ws/install/sc_mini_ros2' for CMake module files
[15.017s] Level 1:colcon.colcon_core.environment:checking '/home/amap/2025_aa10_ros2_ws/install/sc_mini_ros2' for CMake config files
[15.018s] Level 1:colcon.colcon_core.shell:create_environment_hook('sc_mini_ros2', 'cmake_prefix_path')
[15.019s] INFO:colcon.colcon_core.shell:Creating environment hook '/home/amap/2025_aa10_ros2_ws/install/sc_mini_ros2/share/sc_mini_ros2/hook/cmake_prefix_path.ps1'
[15.021s] INFO:colcon.colcon_core.shell:Creating environment descriptor '/home/amap/2025_aa10_ros2_ws/install/sc_mini_ros2/share/sc_mini_ros2/hook/cmake_prefix_path.dsv'
[15.022s] INFO:colcon.colcon_core.shell:Creating environment hook '/home/amap/2025_aa10_ros2_ws/install/sc_mini_ros2/share/sc_mini_ros2/hook/cmake_prefix_path.sh'
[15.024s] Level 1:colcon.colcon_core.environment:checking '/home/amap/2025_aa10_ros2_ws/install/sc_mini_ros2/lib'
[15.025s] Level 1:colcon.colcon_core.environment:checking '/home/amap/2025_aa10_ros2_ws/install/sc_mini_ros2/bin'
[15.025s] Level 1:colcon.colcon_core.environment:checking '/home/amap/2025_aa10_ros2_ws/install/sc_mini_ros2/lib/pkgconfig/sc_mini_ros2.pc'
[15.026s] Level 1:colcon.colcon_core.environment:checking '/home/amap/2025_aa10_ros2_ws/install/sc_mini_ros2/lib/python3.10/site-packages'
[15.027s] Level 1:colcon.colcon_core.environment:checking '/home/amap/2025_aa10_ros2_ws/install/sc_mini_ros2/bin'
[15.029s] INFO:colcon.colcon_core.shell:Creating package script '/home/amap/2025_aa10_ros2_ws/install/sc_mini_ros2/share/sc_mini_ros2/package.ps1'
[15.030s] INFO:colcon.colcon_core.shell:Creating package descriptor '/home/amap/2025_aa10_ros2_ws/install/sc_mini_ros2/share/sc_mini_ros2/package.dsv'
[15.032s] INFO:colcon.colcon_core.shell:Creating package script '/home/amap/2025_aa10_ros2_ws/install/sc_mini_ros2/share/sc_mini_ros2/package.sh'
[15.034s] INFO:colcon.colcon_core.shell:Creating package script '/home/amap/2025_aa10_ros2_ws/install/sc_mini_ros2/share/sc_mini_ros2/package.bash'
[15.035s] INFO:colcon.colcon_core.shell:Creating package script '/home/amap/2025_aa10_ros2_ws/install/sc_mini_ros2/share/sc_mini_ros2/package.zsh'
[15.037s] Level 1:colcon.colcon_core.environment:create_file_with_runtime_dependencies(/home/amap/2025_aa10_ros2_ws/install/sc_mini_ros2/share/colcon-core/packages/sc_mini_ros2)
[15.038s] DEBUG:colcon.colcon_parallel_executor.executor.parallel:closing loop
[15.041s] DEBUG:colcon.colcon_parallel_executor.executor.parallel:loop closed
[15.041s] DEBUG:colcon.colcon_parallel_executor.executor.parallel:run_until_complete finished with '0'
[15.041s] DEBUG:colcon.colcon_core.event_reactor:joining thread
[15.069s] INFO:colcon.colcon_core.plugin_system:Skipping extension 'colcon_notification.desktop_notification.terminal_notifier': Not used on non-Darwin systems
[15.069s] INFO:colcon.colcon_core.plugin_system:Skipping extension 'colcon_notification.desktop_notification.win32': Not used on non-Windows systems
[15.069s] INFO:colcon.colcon_notification.desktop_notification:Sending desktop notification using 'notify2'
[15.193s] DEBUG:colcon.colcon_core.event_reactor:joined thread
[15.194s] INFO:colcon.colcon_core.shell:Creating prefix script '/home/amap/2025_aa10_ros2_ws/install/local_setup.ps1'
[15.200s] INFO:colcon.colcon_core.shell:Creating prefix util module '/home/amap/2025_aa10_ros2_ws/install/_local_setup_util_ps1.py'
[15.213s] INFO:colcon.colcon_core.shell:Creating prefix chain script '/home/amap/2025_aa10_ros2_ws/install/setup.ps1'
[15.217s] INFO:colcon.colcon_core.shell:Creating prefix script '/home/amap/2025_aa10_ros2_ws/install/local_setup.sh'
[15.220s] INFO:colcon.colcon_core.shell:Creating prefix util module '/home/amap/2025_aa10_ros2_ws/install/_local_setup_util_sh.py'
[15.222s] INFO:colcon.colcon_core.shell:Creating prefix chain script '/home/amap/2025_aa10_ros2_ws/install/setup.sh'
[15.226s] INFO:colcon.colcon_core.shell:Creating prefix script '/home/amap/2025_aa10_ros2_ws/install/local_setup.bash'
[15.228s] INFO:colcon.colcon_core.shell:Creating prefix chain script '/home/amap/2025_aa10_ros2_ws/install/setup.bash'
[15.232s] INFO:colcon.colcon_core.shell:Creating prefix script '/home/amap/2025_aa10_ros2_ws/install/local_setup.zsh'
[15.234s] INFO:colcon.colcon_core.shell:Creating prefix chain script '/home/amap/2025_aa10_ros2_ws/install/setup.zsh'
