-- Found ament_cmake: 1.3.12 (/opt/ros/humble/share/ament_cmake/cmake)
-- Override CMake install command with custom implementation using symlinks instead of copying resources
-- Found rclcpp: 16.0.14 (/opt/ros/humble/share/rclcpp/cmake)
-- Found rosidl_generator_c: 3.1.7 (/opt/ros/humble/share/rosidl_generator_c/cmake)
-- Found rosidl_adapter: 3.1.7 (/opt/ros/humble/share/rosidl_adapter/cmake)
-- Found rosidl_generator_cpp: 3.1.7 (/opt/ros/humble/share/rosidl_generator_cpp/cmake)
-- Using all available rosidl_typesupport_c: rosidl_typesupport_fastrtps_c;rosidl_typesupport_introspection_c
-- Using all available rosidl_typesupport_cpp: rosidl_typesupport_fastrtps_cpp;rosidl_typesupport_introspection_cpp
-- Found rmw_implementation_cmake: 6.1.2 (/opt/ros/humble/share/rmw_implementation_cmake/cmake)
-- Found rmw_fastrtps_cpp: 6.2.8 (/opt/ros/humble/share/rmw_fastrtps_cpp/cmake)
-- Using RMW implementation 'rmw_fastrtps_cpp' as default
-- Found sensor_msgs: 4.9.0 (/opt/ros/humble/share/sensor_msgs/cmake)
-- Found nav_msgs: 4.9.0 (/opt/ros/humble/share/nav_msgs/cmake)
-- Found tf2: 0.25.16 (/opt/ros/humble/share/tf2/cmake)
-- Found tf2_ros: 0.25.16 (/opt/ros/humble/share/tf2_ros/cmake)
-- Found tf2_geometry_msgs: 0.25.16 (/opt/ros/humble/share/tf2_geometry_msgs/cmake)
-- Found eigen3_cmake_module: 0.1.1 (/opt/ros/humble/share/eigen3_cmake_module/cmake)
-- Ensuring Eigen3 include directory is part of orocos-kdl CMake target
-- Found pluginlib: 5.1.0 (/opt/ros/humble/share/pluginlib/cmake)
-- Found ament_lint_auto: 0.12.14 (/opt/ros/humble/share/ament_lint_auto/cmake)
-- Added test 'copyright' to check source files copyright and LICENSE
-- Added test 'cppcheck' to perform static code analysis on C / C++ code
-- Configured cppcheck include dirs: /home/amap/2025_aa10_ros2_ws/src/sc_mini_ros2/include
-- Configured cppcheck exclude dirs and/or files: 
-- Added test 'cpplint' to check C / C++ code against the Google style
-- Configured cpplint exclude dirs and/or files: 
-- Added test 'flake8' to check Python code syntax and style conventions
-- Added test 'lint_cmake' to check CMake code style
-- Added test 'pep257' to check Python code against some of the docstring style conventions in PEP 257
-- Added test 'uncrustify' to check C / C++ code style
-- Configured uncrustify additional arguments: 
-- Added test 'xmllint' to check XML markup files
-- Configuring done
-- Generating done
-- Build files have been written to: /home/amap/2025_aa10_ros2_ws/build/sc_mini_ros2
Consolidate compiler generated dependencies of target sc_mini_ros2
[ 16%] Building CXX object CMakeFiles/sc_mini_ros2_simple.dir/src/sc_mini_ros2_simple.cpp.o
[ 33%] Building CXX object CMakeFiles/sc_mini_ros2_simple.dir/src/serial_port.cpp.o
[ 83%] Built target sc_mini_ros2
/home/amap/2025_aa10_ros2_ws/src/sc_mini_ros2/src/sc_mini_ros2_simple.cpp:43:24: warning: missing initializer for member ‘EaiDataStr::BufferStart’ [-Wmissing-field-initializers]
   43 | EaiDataStr EaiData = {0};
      |                        ^
/home/amap/2025_aa10_ros2_ws/src/sc_mini_ros2/src/sc_mini_ros2_simple.cpp:43:24: warning: missing initializer for member ‘EaiDataStr::BufferLen’ [-Wmissing-field-initializers]
/home/amap/2025_aa10_ros2_ws/src/sc_mini_ros2/src/sc_mini_ros2_simple.cpp:79:1: error: ‘ros’ does not name a type
   79 | ros::Time lidar_cali_time;
      | ^~~
/home/amap/2025_aa10_ros2_ws/src/sc_mini_ros2/src/sc_mini_ros2_simple.cpp:81:1: error: ‘ros’ does not name a type
   81 | ros::Publisher lidarZero_pub;
      | ^~~
/home/amap/2025_aa10_ros2_ws/src/sc_mini_ros2/src/sc_mini_ros2_simple.cpp:82:1: error: ‘ros’ does not name a type
   82 | ros::Publisher robotErrorTips_pub;
      | ^~~
/home/amap/2025_aa10_ros2_ws/src/sc_mini_ros2/src/sc_mini_ros2_simple.cpp: In member function ‘void sc_m_c::SCLaser::PointCloudFilter(sensor_msgs::msg::LaserScan_<std::allocator<void> >::SharedPtr)’:
/home/amap/2025_aa10_ros2_ws/src/sc_mini_ros2/src/sc_mini_ros2_simple.cpp:123:51: warning: unused variable ‘x4’ [-Wunused-variable]
  123 |                 float x0,y0, x1,y1, x2,y2, x3,y3, x4,y4, r1, r2;
      |                                                   ^~
/home/amap/2025_aa10_ros2_ws/src/sc_mini_ros2/src/sc_mini_ros2_simple.cpp:123:54: warning: unused variable ‘y4’ [-Wunused-variable]
  123 |                 float x0,y0, x1,y1, x2,y2, x3,y3, x4,y4, r1, r2;
      |                                                      ^~
/home/amap/2025_aa10_ros2_ws/src/sc_mini_ros2/src/sc_mini_ros2_simple.cpp:126:22: warning: unused variable ‘StrBuf’ [-Wunused-variable]
  126 |                 char StrBuf[100];
      |                      ^~~~~~
/home/amap/2025_aa10_ros2_ws/src/sc_mini_ros2/src/sc_mini_ros2_simple.cpp: In member function ‘void sc_m_c::SCLaser::angle_insert(sensor_msgs::msg::LaserScan_<std::allocator<void> >::SharedPtr, sensor_msgs::msg::LaserScan_<std::allocator<void> >::SharedPtr)’:
/home/amap/2025_aa10_ros2_ws/src/sc_mini_ros2/src/sc_mini_ros2_simple.cpp:337:31: warning: unused variable ‘angle’ [-Wunused-variable]
  337 |                 int temp_i, i,angle,temp_Size;
      |                               ^~~~~
/home/amap/2025_aa10_ros2_ws/src/sc_mini_ros2/src/sc_mini_ros2_simple.cpp:338:23: warning: unused variable ‘m_fAngle’ [-Wunused-variable]
  338 |                 float m_fAngle;
      |                       ^~~~~~~~
/home/amap/2025_aa10_ros2_ws/src/sc_mini_ros2/src/sc_mini_ros2_simple.cpp: In member function ‘int sc_m_c::SCLaser::poll(sensor_msgs::msg::LaserScan_<std::allocator<void> >::SharedPtr, int)’:
/home/amap/2025_aa10_ros2_ws/src/sc_mini_ros2/src/sc_mini_ros2_simple.cpp:386:21: warning: unused variable ‘index’ [-Wunused-variable]
  386 |                 int index;
      |                     ^~~~~
/home/amap/2025_aa10_ros2_ws/src/sc_mini_ros2/src/sc_mini_ros2_simple.cpp:387:22: warning: unused variable ‘FrameOK’ [-Wunused-variable]
  387 |                 bool FrameOK = false;
      |                      ^~~~~~~
/home/amap/2025_aa10_ros2_ws/src/sc_mini_ros2/src/sc_mini_ros2_simple.cpp:388:22: warning: unused variable ‘StrBuf’ [-Wunused-variable]
  388 |                 char StrBuf[100];
      |                      ^~~~~~
/home/amap/2025_aa10_ros2_ws/src/sc_mini_ros2/src/sc_mini_ros2_simple.cpp:389:21: warning: unused variable ‘CheckFlag’ [-Wunused-variable]
  389 |                 int CheckFlag=0;//
      |                     ^~~~~~~~~
/home/amap/2025_aa10_ros2_ws/src/sc_mini_ros2/src/sc_mini_ros2_simple.cpp:390:22: warning: unused variable ‘WaitOneFrame’ [-Wunused-variable]
  390 |                 bool WaitOneFrame = true;
      |                      ^~~~~~~~~~~~
/home/amap/2025_aa10_ros2_ws/src/sc_mini_ros2/src/sc_mini_ros2_simple.cpp:392:22: warning: unused variable ‘ZoneNo’ [-Wunused-variable]
  392 |                 char ZoneNo;
      |                      ^~~~~~
/home/amap/2025_aa10_ros2_ws/src/sc_mini_ros2/src/sc_mini_ros2_simple.cpp:393:22: warning: unused variable ‘SampleNumber’ [-Wunused-variable]
  393 |                 char SampleNumber;
      |                      ^~~~~~~~~~~~
/home/amap/2025_aa10_ros2_ws/src/sc_mini_ros2/src/sc_mini_ros2_simple.cpp:394:23: warning: unused variable ‘Angle_fsa’ [-Wunused-variable]
  394 |                 float Angle_fsa, Angle_lsa;
      |                       ^~~~~~~~~
/home/amap/2025_aa10_ros2_ws/src/sc_mini_ros2/src/sc_mini_ros2_simple.cpp:394:34: warning: unused variable ‘Angle_lsa’ [-Wunused-variable]
  394 |                 float Angle_fsa, Angle_lsa;
      |                                  ^~~~~~~~~
/home/amap/2025_aa10_ros2_ws/src/sc_mini_ros2/src/sc_mini_ros2_simple.cpp:395:23: warning: unused variable ‘StartAngle’ [-Wunused-variable]
  395 |                 short StartAngle;
      |                       ^~~~~~~~~~
/home/amap/2025_aa10_ros2_ws/src/sc_mini_ros2/src/sc_mini_ros2_simple.cpp:396:23: warning: unused variable ‘StopAngle’ [-Wunused-variable]
  396 |                 short StopAngle;
      |                       ^~~~~~~~~
/home/amap/2025_aa10_ros2_ws/src/sc_mini_ros2/src/sc_mini_ros2_simple.cpp:401:23: warning: unused variable ‘angle_check’ [-Wunused-variable]
  401 |                 float angle_check;
      |                       ^~~~~~~~~~~
/home/amap/2025_aa10_ros2_ws/src/sc_mini_ros2/src/sc_mini_ros2_simple.cpp:402:23: warning: unused variable ‘angle_c0’ [-Wunused-variable]
  402 |                 float angle_c0,angle_c1;
      |                       ^~~~~~~~
/home/amap/2025_aa10_ros2_ws/src/sc_mini_ros2/src/sc_mini_ros2_simple.cpp:402:32: warning: unused variable ‘angle_c1’ [-Wunused-variable]
  402 |                 float angle_c0,angle_c1;
      |                                ^~~~~~~~
/home/amap/2025_aa10_ros2_ws/src/sc_mini_ros2/src/sc_mini_ros2_simple.cpp:380:75: warning: unused parameter ‘fd’ [-Wunused-parameter]
  380 |         int SCLaser::poll(sensor_msgs::msg::LaserScan::SharedPtr scan,int fd)
      |                                                                       ~~~~^~
gmake[2]: *** [CMakeFiles/sc_mini_ros2_simple.dir/build.make:76: CMakeFiles/sc_mini_ros2_simple.dir/src/sc_mini_ros2_simple.cpp.o] Error 1
gmake[1]: *** [CMakeFiles/Makefile2:165: CMakeFiles/sc_mini_ros2_simple.dir/all] Error 2
gmake: *** [Makefile:146: all] Error 2
