[0.167s] Invoking command in '/home/amap/2025_aa10_ros2_ws/build/sc_mini_ros2': CMAKE_PREFIX_PATH=${CMAKE_PREFIX_PATH}:/opt/ros/humble /usr/bin/cmake --build /home/amap/2025_aa10_ros2_ws/build/sc_mini_ros2 -- -j4 -l4
[0.503s] Consolidate compiler generated dependencies of target sc_mini_ros2
[0.632s] [ 33%] Building CXX object CMakeFiles/sc_mini_ros2.dir/src/sc_mini_ros2.cpp.o
[15.533s] /home/amap/2025_aa10_ros2_ws/src/sc_mini_ros2/src/sc_mini_ros2.cpp:43:24: warning: missing initializer for member ‘EaiDataStr::BufferStart’ [-Wmissing-field-initializers]
[15.534s]    43 | EaiDataStr EaiData = {0};
[15.535s]       |                        ^
[15.538s] /home/amap/2025_aa10_ros2_ws/src/sc_mini_ros2/src/sc_mini_ros2.cpp:43:24: warning: missing initializer for member ‘EaiDataStr::BufferLen’ [-Wmissing-field-initializers]
[15.565s] /home/amap/2025_aa10_ros2_ws/src/sc_mini_ros2/src/sc_mini_ros2.cpp: In member function ‘void sc_m_c::SCLaser::PointCloudFilter(sensor_msgs::msg::LaserScan_<std::allocator<void> >::SharedPtr)’:
[15.576s] /home/amap/2025_aa10_ros2_ws/src/sc_mini_ros2/src/sc_mini_ros2.cpp:107:51: warning: unused variable ‘x4’ [-Wunused-variable]
[15.577s]   107 |                 float x0,y0, x1,y1, x2,y2, x3,y3, x4,y4, r1, r2;
[15.580s]       |                                                   ^~
[15.587s] /home/amap/2025_aa10_ros2_ws/src/sc_mini_ros2/src/sc_mini_ros2.cpp:107:54: warning: unused variable ‘y4’ [-Wunused-variable]
[15.587s]   107 |                 float x0,y0, x1,y1, x2,y2, x3,y3, x4,y4, r1, r2;
[15.593s]       |                                                      ^~
[15.594s] /home/amap/2025_aa10_ros2_ws/src/sc_mini_ros2/src/sc_mini_ros2.cpp:110:22: warning: unused variable ‘StrBuf’ [-Wunused-variable]
[15.594s]   110 |                 char StrBuf[100];
[15.598s]       |                      ^~~~~~
[15.599s] /home/amap/2025_aa10_ros2_ws/src/sc_mini_ros2/src/sc_mini_ros2.cpp: In member function ‘void sc_m_c::SCLaser::angle_insert(sensor_msgs::msg::LaserScan_<std::allocator<void> >::SharedPtr, sensor_msgs::msg::LaserScan_<std::allocator<void> >::SharedPtr)’:
[15.599s] /home/amap/2025_aa10_ros2_ws/src/sc_mini_ros2/src/sc_mini_ros2.cpp:316:31: warning: unused variable ‘angle’ [-Wunused-variable]
[15.599s]   316 |                 int temp_i, i,angle,temp_Size;
[15.600s]       |                               ^~~~~
[15.600s] /home/amap/2025_aa10_ros2_ws/src/sc_mini_ros2/src/sc_mini_ros2.cpp:317:23: warning: unused variable ‘m_fAngle’ [-Wunused-variable]
[15.600s]   317 |                 float m_fAngle;
[15.600s]       |                       ^~~~~~~~
[15.601s] /home/amap/2025_aa10_ros2_ws/src/sc_mini_ros2/src/sc_mini_ros2.cpp: In member function ‘int sc_m_c::SCLaser::poll(sensor_msgs::msg::LaserScan_<std::allocator<void> >::SharedPtr, int)’:
[15.601s] /home/amap/2025_aa10_ros2_ws/src/sc_mini_ros2/src/sc_mini_ros2.cpp:358:21: warning: unused variable ‘index’ [-Wunused-variable]
[15.604s]   358 |                 int index;
[15.605s]       |                     ^~~~~
[15.607s] /home/amap/2025_aa10_ros2_ws/src/sc_mini_ros2/src/sc_mini_ros2.cpp:359:22: warning: unused variable ‘FrameOK’ [-Wunused-variable]
[15.609s]   359 |                 bool FrameOK = false;
[15.610s]       |                      ^~~~~~~
[15.611s] /home/amap/2025_aa10_ros2_ws/src/sc_mini_ros2/src/sc_mini_ros2.cpp:360:22: warning: unused variable ‘StrBuf’ [-Wunused-variable]
[15.618s]   360 |                 char StrBuf[100];
[15.619s]       |                      ^~~~~~
[15.620s] /home/amap/2025_aa10_ros2_ws/src/sc_mini_ros2/src/sc_mini_ros2.cpp:361:21: warning: unused variable ‘CheckFlag’ [-Wunused-variable]
[15.626s]   361 |                 int CheckFlag=0;
[15.627s]       |                     ^~~~~~~~~
[15.628s] /home/amap/2025_aa10_ros2_ws/src/sc_mini_ros2/src/sc_mini_ros2.cpp:362:22: warning: unused variable ‘WaitOneFrame’ [-Wunused-variable]
[15.628s]   362 |                 bool WaitOneFrame = true;
[15.628s]       |                      ^~~~~~~~~~~~
[15.629s] /home/amap/2025_aa10_ros2_ws/src/sc_mini_ros2/src/sc_mini_ros2.cpp:364:22: warning: unused variable ‘ZoneNo’ [-Wunused-variable]
[15.632s]   364 |                 char ZoneNo;
[15.633s]       |                      ^~~~~~
[15.634s] /home/amap/2025_aa10_ros2_ws/src/sc_mini_ros2/src/sc_mini_ros2.cpp:365:22: warning: unused variable ‘SampleNumber’ [-Wunused-variable]
[15.637s]   365 |                 char SampleNumber;
[15.638s]       |                      ^~~~~~~~~~~~
[15.638s] /home/amap/2025_aa10_ros2_ws/src/sc_mini_ros2/src/sc_mini_ros2.cpp:366:23: warning: unused variable ‘Angle_fsa’ [-Wunused-variable]
[15.638s]   366 |                 float Angle_fsa, Angle_lsa;
[15.638s]       |                       ^~~~~~~~~
[15.639s] /home/amap/2025_aa10_ros2_ws/src/sc_mini_ros2/src/sc_mini_ros2.cpp:366:34: warning: unused variable ‘Angle_lsa’ [-Wunused-variable]
[15.640s]   366 |                 float Angle_fsa, Angle_lsa;
[15.641s]       |                                  ^~~~~~~~~
[15.641s] /home/amap/2025_aa10_ros2_ws/src/sc_mini_ros2/src/sc_mini_ros2.cpp:367:23: warning: unused variable ‘StartAngle’ [-Wunused-variable]
[15.643s]   367 |                 short StartAngle;
[15.644s]       |                       ^~~~~~~~~~
[15.644s] /home/amap/2025_aa10_ros2_ws/src/sc_mini_ros2/src/sc_mini_ros2.cpp:368:23: warning: unused variable ‘StopAngle’ [-Wunused-variable]
[15.644s]   368 |                 short StopAngle;
[15.644s]       |                       ^~~~~~~~~
[15.645s] /home/amap/2025_aa10_ros2_ws/src/sc_mini_ros2/src/sc_mini_ros2.cpp:373:23: warning: unused variable ‘angle_check’ [-Wunused-variable]
[15.645s]   373 |                 float angle_check;
[15.645s]       |                       ^~~~~~~~~~~
[15.645s] /home/amap/2025_aa10_ros2_ws/src/sc_mini_ros2/src/sc_mini_ros2.cpp:352:75: warning: unused parameter ‘fd’ [-Wunused-parameter]
[15.646s]   352 |         int SCLaser::poll(sensor_msgs::msg::LaserScan::SharedPtr scan,int fd)
[15.646s]       |                                                                       ~~~~^~
[27.360s] [ 66%] Linking CXX executable sc_mini_ros2
[28.853s] [100%] Built target sc_mini_ros2
[28.910s] Invoked command in '/home/amap/2025_aa10_ros2_ws/build/sc_mini_ros2' returned '0': CMAKE_PREFIX_PATH=${CMAKE_PREFIX_PATH}:/opt/ros/humble /usr/bin/cmake --build /home/amap/2025_aa10_ros2_ws/build/sc_mini_ros2 -- -j4 -l4
[28.986s] Invoking command in '/home/amap/2025_aa10_ros2_ws/build/sc_mini_ros2': CMAKE_PREFIX_PATH=${CMAKE_PREFIX_PATH}:/opt/ros/humble /usr/bin/cmake --install /home/amap/2025_aa10_ros2_ws/build/sc_mini_ros2
[29.024s] -- Install configuration: ""
[29.025s] -- Execute custom install script
[29.029s] -- Up-to-date symlink: /home/amap/2025_aa10_ros2_ws/install/sc_mini_ros2/lib/sc_mini_ros2/sc_mini_ros2
[29.032s] -- Up-to-date symlink: /home/amap/2025_aa10_ros2_ws/install/sc_mini_ros2/share/sc_mini_ros2//launch/rviz.launch.py
[29.036s] -- Up-to-date symlink: /home/amap/2025_aa10_ros2_ws/install/sc_mini_ros2/share/sc_mini_ros2//launch/start.launch.py
[29.039s] -- Up-to-date symlink: /home/amap/2025_aa10_ros2_ws/install/sc_mini_ros2/share/sc_mini_ros2//launch/start_tf.launch.py
[29.040s] -- Up-to-date symlink: /home/amap/2025_aa10_ros2_ws/install/sc_mini_ros2/share/sc_mini_ros2//rviz/sc_m.rviz
[29.042s] -- Up-to-date symlink: /home/amap/2025_aa10_ros2_ws/install/sc_mini_ros2/share/sc_mini_ros2//sc_mini.rules
[29.043s] -- Up-to-date symlink: /home/amap/2025_aa10_ros2_ws/install/sc_mini_ros2/share/ament_index/resource_index/package_run_dependencies/sc_mini_ros2
[29.043s] -- Up-to-date symlink: /home/amap/2025_aa10_ros2_ws/install/sc_mini_ros2/share/ament_index/resource_index/parent_prefix_path/sc_mini_ros2
[29.047s] -- Up-to-date symlink: /home/amap/2025_aa10_ros2_ws/install/sc_mini_ros2/share/sc_mini_ros2/environment/ament_prefix_path.sh
[29.047s] -- Up-to-date symlink: /home/amap/2025_aa10_ros2_ws/install/sc_mini_ros2/share/sc_mini_ros2/environment/ament_prefix_path.dsv
[29.047s] -- Up-to-date symlink: /home/amap/2025_aa10_ros2_ws/install/sc_mini_ros2/share/sc_mini_ros2/environment/path.sh
[29.048s] -- Up-to-date symlink: /home/amap/2025_aa10_ros2_ws/install/sc_mini_ros2/share/sc_mini_ros2/environment/path.dsv
[29.048s] -- Up-to-date symlink: /home/amap/2025_aa10_ros2_ws/install/sc_mini_ros2/share/sc_mini_ros2/local_setup.bash
[29.048s] -- Up-to-date symlink: /home/amap/2025_aa10_ros2_ws/install/sc_mini_ros2/share/sc_mini_ros2/local_setup.sh
[29.048s] -- Up-to-date symlink: /home/amap/2025_aa10_ros2_ws/install/sc_mini_ros2/share/sc_mini_ros2/local_setup.zsh
[29.048s] -- Up-to-date symlink: /home/amap/2025_aa10_ros2_ws/install/sc_mini_ros2/share/sc_mini_ros2/local_setup.dsv
[29.049s] -- Symlinking: /home/amap/2025_aa10_ros2_ws/install/sc_mini_ros2/share/sc_mini_ros2/package.dsv
[29.085s] -- Up-to-date symlink: /home/amap/2025_aa10_ros2_ws/install/sc_mini_ros2/share/ament_index/resource_index/packages/sc_mini_ros2
[29.089s] -- Up-to-date symlink: /home/amap/2025_aa10_ros2_ws/install/sc_mini_ros2/share/sc_mini_ros2/cmake/sc_mini_ros2Config.cmake
[29.089s] -- Up-to-date symlink: /home/amap/2025_aa10_ros2_ws/install/sc_mini_ros2/share/sc_mini_ros2/cmake/sc_mini_ros2Config-version.cmake
[29.097s] -- Up-to-date symlink: /home/amap/2025_aa10_ros2_ws/install/sc_mini_ros2/share/sc_mini_ros2/package.xml
[29.117s] Invoked command in '/home/amap/2025_aa10_ros2_ws/build/sc_mini_ros2' returned '0': CMAKE_PREFIX_PATH=${CMAKE_PREFIX_PATH}:/opt/ros/humble /usr/bin/cmake --install /home/amap/2025_aa10_ros2_ws/build/sc_mini_ros2
