[0.019s] Invoking command in '/home/amap/2025_aa10_ros2_ws/build/sc_mini_ros2': CMAKE_PREFIX_PATH=/opt/ros/humble /usr/bin/cmake /home/amap/2025_aa10_ros2_ws/src/sc_mini_ros2 -DAMENT_CMAKE_SYMLINK_INSTALL=1 -DCMAKE_INSTALL_PREFIX=/home/amap/2025_aa10_ros2_ws/install/sc_mini_ros2
[0.045s] -- Found ament_cmake: 1.3.12 (/opt/ros/humble/share/ament_cmake/cmake)
[0.305s] -- Override CMake install command with custom implementation using symlinks instead of copying resources
[0.324s] -- Found rclcpp: 16.0.14 (/opt/ros/humble/share/rclcpp/cmake)
[0.406s] -- Found rosidl_generator_c: 3.1.7 (/opt/ros/humble/share/rosidl_generator_c/cmake)
[0.411s] -- Found rosidl_adapter: 3.1.7 (/opt/ros/humble/share/rosidl_adapter/cmake)
[0.425s] -- Found rosidl_generator_cpp: 3.1.7 (/opt/ros/humble/share/rosidl_generator_cpp/cmake)
[0.448s] -- Using all available rosidl_typesupport_c: rosidl_typesupport_fastrtps_c;rosidl_typesupport_introspection_c
[0.479s] -- Using all available rosidl_typesupport_cpp: rosidl_typesupport_fastrtps_cpp;rosidl_typesupport_introspection_cpp
[0.552s] -- Found rmw_implementation_cmake: 6.1.2 (/opt/ros/humble/share/rmw_implementation_cmake/cmake)
[0.555s] -- Found rmw_fastrtps_cpp: 6.2.8 (/opt/ros/humble/share/rmw_fastrtps_cpp/cmake)
[0.748s] -- Using RMW implementation 'rmw_fastrtps_cpp' as default
[0.863s] -- Found sensor_msgs: 4.9.0 (/opt/ros/humble/share/sensor_msgs/cmake)
[0.930s] -- Found nav_msgs: 4.9.0 (/opt/ros/humble/share/nav_msgs/cmake)
[0.969s] -- Found tf2: 0.25.16 (/opt/ros/humble/share/tf2/cmake)
[0.977s] -- Found tf2_ros: 0.25.16 (/opt/ros/humble/share/tf2_ros/cmake)
[1.154s] -- Found tf2_geometry_msgs: 0.25.16 (/opt/ros/humble/share/tf2_geometry_msgs/cmake)
[1.161s] -- Found eigen3_cmake_module: 0.1.1 (/opt/ros/humble/share/eigen3_cmake_module/cmake)
[1.165s] -- Ensuring Eigen3 include directory is part of orocos-kdl CMake target
[1.168s] -- Found pluginlib: 5.1.0 (/opt/ros/humble/share/pluginlib/cmake)
[1.205s] -- Found ament_lint_auto: 0.12.14 (/opt/ros/humble/share/ament_lint_auto/cmake)
[1.356s] -- Added test 'copyright' to check source files copyright and LICENSE
[1.359s] -- Added test 'cppcheck' to perform static code analysis on C / C++ code
[1.359s] -- Configured cppcheck include dirs: /home/amap/2025_aa10_ros2_ws/src/sc_mini_ros2/include
[1.359s] -- Configured cppcheck exclude dirs and/or files: 
[1.362s] -- Added test 'cpplint' to check C / C++ code against the Google style
[1.362s] -- Configured cpplint exclude dirs and/or files: 
[1.363s] -- Added test 'flake8' to check Python code syntax and style conventions
[1.364s] -- Added test 'lint_cmake' to check CMake code style
[1.365s] -- Added test 'pep257' to check Python code against some of the docstring style conventions in PEP 257
[1.368s] -- Added test 'uncrustify' to check C / C++ code style
[1.368s] -- Configured uncrustify additional arguments: 
[1.369s] -- Added test 'xmllint' to check XML markup files
[1.372s] -- Configuring done
[1.405s] -- Generating done
[1.420s] -- Build files have been written to: /home/amap/2025_aa10_ros2_ws/build/sc_mini_ros2
[1.441s] Invoked command in '/home/amap/2025_aa10_ros2_ws/build/sc_mini_ros2' returned '0': CMAKE_PREFIX_PATH=/opt/ros/humble /usr/bin/cmake /home/amap/2025_aa10_ros2_ws/src/sc_mini_ros2 -DAMENT_CMAKE_SYMLINK_INSTALL=1 -DCMAKE_INSTALL_PREFIX=/home/amap/2025_aa10_ros2_ws/install/sc_mini_ros2
[1.444s] Invoking command in '/home/amap/2025_aa10_ros2_ws/build/sc_mini_ros2': CMAKE_PREFIX_PATH=/opt/ros/humble /usr/bin/cmake --build /home/amap/2025_aa10_ros2_ws/build/sc_mini_ros2 -- -j4 -l4
[1.518s] [35m[1mConsolidate compiler generated dependencies of target sc_mini_ros2[0m
[1.556s] [ 33%] [32m[1mLinking CXX executable sc_mini_ros2[0m
[2.010s] [100%] Built target sc_mini_ros2
[2.029s] Invoked command in '/home/amap/2025_aa10_ros2_ws/build/sc_mini_ros2' returned '0': CMAKE_PREFIX_PATH=/opt/ros/humble /usr/bin/cmake --build /home/amap/2025_aa10_ros2_ws/build/sc_mini_ros2 -- -j4 -l4
[2.049s] Invoking command in '/home/amap/2025_aa10_ros2_ws/build/sc_mini_ros2': CMAKE_PREFIX_PATH=/opt/ros/humble /usr/bin/cmake --install /home/amap/2025_aa10_ros2_ws/build/sc_mini_ros2
[2.062s] -- Install configuration: ""
[2.064s] -- Execute custom install script
[2.064s] -- Symlinking: /home/amap/2025_aa10_ros2_ws/install/sc_mini_ros2/lib/sc_mini_ros2/sc_mini_ros2
[2.081s] -- Symlinking: /home/amap/2025_aa10_ros2_ws/install/sc_mini_ros2/share/sc_mini_ros2//launch/rviz.launch.py
[2.097s] -- Symlinking: /home/amap/2025_aa10_ros2_ws/install/sc_mini_ros2/share/sc_mini_ros2//launch/start.launch.py
[2.113s] -- Symlinking: /home/amap/2025_aa10_ros2_ws/install/sc_mini_ros2/share/sc_mini_ros2//launch/start_tf.launch.py
[2.130s] -- Symlinking: /home/amap/2025_aa10_ros2_ws/install/sc_mini_ros2/share/sc_mini_ros2//rviz/sc_m.rviz
[2.147s] -- Symlinking: /home/amap/2025_aa10_ros2_ws/install/sc_mini_ros2/share/sc_mini_ros2//sc_mini.rules
[2.164s] -- Symlinking: /home/amap/2025_aa10_ros2_ws/install/sc_mini_ros2/share/ament_index/resource_index/package_run_dependencies/sc_mini_ros2
[2.182s] -- Symlinking: /home/amap/2025_aa10_ros2_ws/install/sc_mini_ros2/share/ament_index/resource_index/parent_prefix_path/sc_mini_ros2
[2.200s] -- Symlinking: /home/amap/2025_aa10_ros2_ws/install/sc_mini_ros2/share/sc_mini_ros2/environment/ament_prefix_path.sh
[2.226s] -- Symlinking: /home/amap/2025_aa10_ros2_ws/install/sc_mini_ros2/share/sc_mini_ros2/environment/ament_prefix_path.dsv
[2.246s] -- Symlinking: /home/amap/2025_aa10_ros2_ws/install/sc_mini_ros2/share/sc_mini_ros2/environment/path.sh
[2.262s] -- Symlinking: /home/amap/2025_aa10_ros2_ws/install/sc_mini_ros2/share/sc_mini_ros2/environment/path.dsv
[2.278s] -- Symlinking: /home/amap/2025_aa10_ros2_ws/install/sc_mini_ros2/share/sc_mini_ros2/local_setup.bash
[2.294s] -- Symlinking: /home/amap/2025_aa10_ros2_ws/install/sc_mini_ros2/share/sc_mini_ros2/local_setup.sh
[2.310s] -- Symlinking: /home/amap/2025_aa10_ros2_ws/install/sc_mini_ros2/share/sc_mini_ros2/local_setup.zsh
[2.326s] -- Symlinking: /home/amap/2025_aa10_ros2_ws/install/sc_mini_ros2/share/sc_mini_ros2/local_setup.dsv
[2.342s] -- Symlinking: /home/amap/2025_aa10_ros2_ws/install/sc_mini_ros2/share/sc_mini_ros2/package.dsv
[2.359s] -- Symlinking: /home/amap/2025_aa10_ros2_ws/install/sc_mini_ros2/share/ament_index/resource_index/packages/sc_mini_ros2
[2.374s] -- Symlinking: /home/amap/2025_aa10_ros2_ws/install/sc_mini_ros2/share/sc_mini_ros2/cmake/sc_mini_ros2Config.cmake
[2.391s] -- Symlinking: /home/amap/2025_aa10_ros2_ws/install/sc_mini_ros2/share/sc_mini_ros2/cmake/sc_mini_ros2Config-version.cmake
[2.407s] -- Symlinking: /home/amap/2025_aa10_ros2_ws/install/sc_mini_ros2/share/sc_mini_ros2/package.xml
[2.426s] Invoked command in '/home/amap/2025_aa10_ros2_ws/build/sc_mini_ros2' returned '0': CMAKE_PREFIX_PATH=/opt/ros/humble /usr/bin/cmake --install /home/amap/2025_aa10_ros2_ws/build/sc_mini_ros2
