[0.554s] DEBUG:colcon:Command line arguments: ['/usr/bin/colcon', 'build', '--packages-select', 'sc_mini_ros2']
[0.555s] DEBUG:colcon:Parsed command line arguments: Namespace(log_base=None, log_level=None, verb_name='build', build_base='build', install_base='install', merge_install=False, symlink_install=False, test_result_base=None, continue_on_error=False, executor='parallel', parallel_workers=4, event_handlers=None, ignore_user_meta=False, metas=['./colcon.meta'], base_paths=['.'], packages_ignore=None, packages_ignore_regex=None, paths=None, packages_up_to=None, packages_up_to_regex=None, packages_above=None, packages_above_and_dependencies=None, packages_above_depth=None, packages_select_by_dep=None, packages_skip_by_dep=None, packages_skip_up_to=None, packages_select_build_failed=False, packages_skip_build_finished=False, packages_select_test_failures=False, packages_skip_test_passed=False, packages_select=['sc_mini_ros2'], packages_skip=None, packages_select_regex=None, packages_skip_regex=None, packages_start=None, packages_end=None, allow_overriding=[], cmake_args=None, cmake_target=None, cmake_target_skip_unavailable=False, cmake_clean_cache=False, cmake_clean_first=False, cmake_force_configure=False, ament_cmake_args=None, catkin_cmake_args=None, catkin_skip_building_tests=False, mixin_files=None, mixin=None, verb_parser=<colcon_mixin.mixin.mixin_argument.MixinArgumentDecorator object at 0x7b2149a65750>, verb_extension=<colcon_core.verb.build.BuildVerb object at 0x7b2149a652a0>, main=<bound method BuildVerb.main of <colcon_core.verb.build.BuildVerb object at 0x7b2149a652a0>>, mixin_verb=('build',))
[1.461s] Level 1:colcon.colcon_core.package_discovery:discover_packages(colcon_meta) check parameters
[1.461s] Level 1:colcon.colcon_core.package_discovery:discover_packages(recursive) check parameters
[1.461s] Level 1:colcon.colcon_core.package_discovery:discover_packages(ignore) check parameters
[1.461s] Level 1:colcon.colcon_core.package_discovery:discover_packages(path) check parameters
[1.461s] Level 1:colcon.colcon_core.package_discovery:discover_packages(colcon_meta) discover
[1.462s] Level 1:colcon.colcon_core.package_discovery:discover_packages(recursive) discover
[1.462s] INFO:colcon.colcon_core.package_discovery:Crawling recursively for packages in '/home/amap/2025_aa10_ros2_ws'
[1.462s] Level 1:colcon.colcon_core.package_identification:_identify(.) by extensions ['ignore', 'ignore_ament_install']
[1.463s] Level 1:colcon.colcon_core.package_identification:_identify(.) by extension 'ignore'
[1.463s] Level 1:colcon.colcon_core.package_identification:_identify(.) by extension 'ignore_ament_install'
[1.464s] Level 1:colcon.colcon_core.package_identification:_identify(.) by extensions ['colcon_pkg']
[1.464s] Level 1:colcon.colcon_core.package_identification:_identify(.) by extension 'colcon_pkg'
[1.464s] Level 1:colcon.colcon_core.package_identification:_identify(.) by extensions ['colcon_meta']
[1.465s] Level 1:colcon.colcon_core.package_identification:_identify(.) by extension 'colcon_meta'
[1.465s] Level 1:colcon.colcon_core.package_identification:_identify(.) by extensions ['ros']
[1.465s] Level 1:colcon.colcon_core.package_identification:_identify(.) by extension 'ros'
[1.525s] Level 1:colcon.colcon_core.package_identification:_identify(.) by extensions ['cmake', 'python']
[1.525s] Level 1:colcon.colcon_core.package_identification:_identify(.) by extension 'cmake'
[1.526s] Level 1:colcon.colcon_core.package_identification:_identify(.) by extension 'python'
[1.526s] Level 1:colcon.colcon_core.package_identification:_identify(.) by extensions ['python_setup_py']
[1.526s] Level 1:colcon.colcon_core.package_identification:_identify(.) by extension 'python_setup_py'
[1.526s] Level 1:colcon.colcon_core.package_identification:_identify(build) by extensions ['ignore', 'ignore_ament_install']
[1.527s] Level 1:colcon.colcon_core.package_identification:_identify(build) by extension 'ignore'
[1.527s] Level 1:colcon.colcon_core.package_identification:_identify(build) ignored
[1.527s] Level 1:colcon.colcon_core.package_identification:_identify(install) by extensions ['ignore', 'ignore_ament_install']
[1.528s] Level 1:colcon.colcon_core.package_identification:_identify(install) by extension 'ignore'
[1.528s] Level 1:colcon.colcon_core.package_identification:_identify(install) ignored
[1.529s] Level 1:colcon.colcon_core.package_identification:_identify(log) by extensions ['ignore', 'ignore_ament_install']
[1.529s] Level 1:colcon.colcon_core.package_identification:_identify(log) by extension 'ignore'
[1.529s] Level 1:colcon.colcon_core.package_identification:_identify(log) ignored
[1.530s] Level 1:colcon.colcon_core.package_identification:_identify(src) by extensions ['ignore', 'ignore_ament_install']
[1.530s] Level 1:colcon.colcon_core.package_identification:_identify(src) by extension 'ignore'
[1.530s] Level 1:colcon.colcon_core.package_identification:_identify(src) by extension 'ignore_ament_install'
[1.531s] Level 1:colcon.colcon_core.package_identification:_identify(src) by extensions ['colcon_pkg']
[1.531s] Level 1:colcon.colcon_core.package_identification:_identify(src) by extension 'colcon_pkg'
[1.531s] Level 1:colcon.colcon_core.package_identification:_identify(src) by extensions ['colcon_meta']
[1.531s] Level 1:colcon.colcon_core.package_identification:_identify(src) by extension 'colcon_meta'
[1.531s] Level 1:colcon.colcon_core.package_identification:_identify(src) by extensions ['ros']
[1.532s] Level 1:colcon.colcon_core.package_identification:_identify(src) by extension 'ros'
[1.532s] Level 1:colcon.colcon_core.package_identification:_identify(src) by extensions ['cmake', 'python']
[1.532s] Level 1:colcon.colcon_core.package_identification:_identify(src) by extension 'cmake'
[1.533s] Level 1:colcon.colcon_core.package_identification:_identify(src) by extension 'python'
[1.533s] Level 1:colcon.colcon_core.package_identification:_identify(src) by extensions ['python_setup_py']
[1.533s] Level 1:colcon.colcon_core.package_identification:_identify(src) by extension 'python_setup_py'
[1.533s] Level 1:colcon.colcon_core.package_identification:_identify(src/sc_mini_ros2) by extensions ['ignore', 'ignore_ament_install']
[1.534s] Level 1:colcon.colcon_core.package_identification:_identify(src/sc_mini_ros2) by extension 'ignore'
[1.535s] Level 1:colcon.colcon_core.package_identification:_identify(src/sc_mini_ros2) by extension 'ignore_ament_install'
[1.535s] Level 1:colcon.colcon_core.package_identification:_identify(src/sc_mini_ros2) by extensions ['colcon_pkg']
[1.535s] Level 1:colcon.colcon_core.package_identification:_identify(src/sc_mini_ros2) by extension 'colcon_pkg'
[1.535s] Level 1:colcon.colcon_core.package_identification:_identify(src/sc_mini_ros2) by extensions ['colcon_meta']
[1.535s] Level 1:colcon.colcon_core.package_identification:_identify(src/sc_mini_ros2) by extension 'colcon_meta'
[1.535s] Level 1:colcon.colcon_core.package_identification:_identify(src/sc_mini_ros2) by extensions ['ros']
[1.536s] Level 1:colcon.colcon_core.package_identification:_identify(src/sc_mini_ros2) by extension 'ros'
[1.552s] DEBUG:colcon.colcon_core.package_identification:Package 'src/sc_mini_ros2' with type 'ros.ament_cmake' and name 'sc_mini_ros2'
[1.553s] Level 1:colcon.colcon_core.package_discovery:discover_packages(recursive) using defaults
[1.553s] Level 1:colcon.colcon_core.package_discovery:discover_packages(ignore) discover
[1.553s] Level 1:colcon.colcon_core.package_discovery:discover_packages(ignore) using defaults
[1.553s] Level 1:colcon.colcon_core.package_discovery:discover_packages(path) discover
[1.554s] Level 1:colcon.colcon_core.package_discovery:discover_packages(path) using defaults
[1.682s] Level 1:colcon.colcon_core.package_discovery:discover_packages(prefix_path) check parameters
[1.682s] Level 1:colcon.colcon_core.package_discovery:discover_packages(prefix_path) discover
[1.694s] DEBUG:colcon.colcon_installed_package_information.package_discovery:Found 1 installed packages in /home/amap/2025_aa10_ros2_ws/install
[1.699s] DEBUG:colcon.colcon_installed_package_information.package_discovery:Found 271 installed packages in /opt/ros/humble
[1.705s] Level 1:colcon.colcon_core.package_discovery:discover_packages(prefix_path) using defaults
[1.931s] Level 5:colcon.colcon_core.verb:set package 'sc_mini_ros2' build argument 'cmake_args' from command line to 'None'
[1.931s] Level 5:colcon.colcon_core.verb:set package 'sc_mini_ros2' build argument 'cmake_target' from command line to 'None'
[1.931s] Level 5:colcon.colcon_core.verb:set package 'sc_mini_ros2' build argument 'cmake_target_skip_unavailable' from command line to 'False'
[1.931s] Level 5:colcon.colcon_core.verb:set package 'sc_mini_ros2' build argument 'cmake_clean_cache' from command line to 'False'
[1.931s] Level 5:colcon.colcon_core.verb:set package 'sc_mini_ros2' build argument 'cmake_clean_first' from command line to 'False'
[1.932s] Level 5:colcon.colcon_core.verb:set package 'sc_mini_ros2' build argument 'cmake_force_configure' from command line to 'False'
[1.932s] Level 5:colcon.colcon_core.verb:set package 'sc_mini_ros2' build argument 'ament_cmake_args' from command line to 'None'
[1.932s] Level 5:colcon.colcon_core.verb:set package 'sc_mini_ros2' build argument 'catkin_cmake_args' from command line to 'None'
[1.932s] Level 5:colcon.colcon_core.verb:set package 'sc_mini_ros2' build argument 'catkin_skip_building_tests' from command line to 'False'
[1.932s] DEBUG:colcon.colcon_core.verb:Building package 'sc_mini_ros2' with the following arguments: {'ament_cmake_args': None, 'build_base': '/home/amap/2025_aa10_ros2_ws/build/sc_mini_ros2', 'catkin_cmake_args': None, 'catkin_skip_building_tests': False, 'cmake_args': None, 'cmake_clean_cache': False, 'cmake_clean_first': False, 'cmake_force_configure': False, 'cmake_target': None, 'cmake_target_skip_unavailable': False, 'install_base': '/home/amap/2025_aa10_ros2_ws/install/sc_mini_ros2', 'merge_install': False, 'path': '/home/amap/2025_aa10_ros2_ws/src/sc_mini_ros2', 'symlink_install': False, 'test_result_base': None}
[1.933s] INFO:colcon.colcon_core.executor:Executing jobs using 'parallel' executor
[1.936s] DEBUG:colcon.colcon_parallel_executor.executor.parallel:run_until_complete
[1.936s] INFO:colcon.colcon_ros.task.ament_cmake.build:Building ROS package in '/home/amap/2025_aa10_ros2_ws/src/sc_mini_ros2' with build type 'ament_cmake'
[1.937s] INFO:colcon.colcon_cmake.task.cmake.build:Building CMake package in '/home/amap/2025_aa10_ros2_ws/src/sc_mini_ros2'
[1.943s] INFO:colcon.colcon_core.plugin_system:Skipping extension 'colcon_core.shell.bat': Not used on non-Windows systems
[1.944s] INFO:colcon.colcon_core.shell:Skip shell extension 'powershell' for command environment: Not usable outside of PowerShell
[1.944s] DEBUG:colcon.colcon_core.shell:Skip shell extension 'dsv' for command environment
[1.989s] DEBUG:colcon.colcon_core.event_handler.log_command:Invoking command in '/home/amap/2025_aa10_ros2_ws/build/sc_mini_ros2': CMAKE_PREFIX_PATH=${CMAKE_PREFIX_PATH}:/opt/ros/humble /usr/bin/cmake /home/amap/2025_aa10_ros2_ws/src/sc_mini_ros2 -DCMAKE_INSTALL_PREFIX=/home/amap/2025_aa10_ros2_ws/install/sc_mini_ros2
[5.682s] DEBUG:colcon.colcon_core.event_handler.log_command:Invoked command in '/home/amap/2025_aa10_ros2_ws/build/sc_mini_ros2' returned '0': CMAKE_PREFIX_PATH=${CMAKE_PREFIX_PATH}:/opt/ros/humble /usr/bin/cmake /home/amap/2025_aa10_ros2_ws/src/sc_mini_ros2 -DCMAKE_INSTALL_PREFIX=/home/amap/2025_aa10_ros2_ws/install/sc_mini_ros2
[5.688s] DEBUG:colcon.colcon_core.event_handler.log_command:Invoking command in '/home/amap/2025_aa10_ros2_ws/build/sc_mini_ros2': CMAKE_PREFIX_PATH=${CMAKE_PREFIX_PATH}:/opt/ros/humble /usr/bin/cmake --build /home/amap/2025_aa10_ros2_ws/build/sc_mini_ros2 -- -j4 -l4
[7.753s] DEBUG:colcon.colcon_core.event_handler.log_command:Invoked command in '/home/amap/2025_aa10_ros2_ws/build/sc_mini_ros2' returned '0': CMAKE_PREFIX_PATH=${CMAKE_PREFIX_PATH}:/opt/ros/humble /usr/bin/cmake --build /home/amap/2025_aa10_ros2_ws/build/sc_mini_ros2 -- -j4 -l4
[7.818s] DEBUG:colcon.colcon_core.event_handler.log_command:Invoking command in '/home/amap/2025_aa10_ros2_ws/build/sc_mini_ros2': CMAKE_PREFIX_PATH=${CMAKE_PREFIX_PATH}:/opt/ros/humble /usr/bin/cmake --install /home/amap/2025_aa10_ros2_ws/build/sc_mini_ros2
[7.925s] Level 1:colcon.colcon_core.environment:create_environment_scripts_only(sc_mini_ros2)
[7.928s] DEBUG:colcon.colcon_core.event_handler.log_command:Invoked command in '/home/amap/2025_aa10_ros2_ws/build/sc_mini_ros2' returned '0': CMAKE_PREFIX_PATH=${CMAKE_PREFIX_PATH}:/opt/ros/humble /usr/bin/cmake --install /home/amap/2025_aa10_ros2_ws/build/sc_mini_ros2
[7.939s] Level 1:colcon.colcon_core.environment:checking '/home/amap/2025_aa10_ros2_ws/install/sc_mini_ros2' for CMake module files
[7.943s] Level 1:colcon.colcon_core.environment:checking '/home/amap/2025_aa10_ros2_ws/install/sc_mini_ros2' for CMake config files
[7.946s] Level 1:colcon.colcon_core.shell:create_environment_hook('sc_mini_ros2', 'cmake_prefix_path')
[7.947s] INFO:colcon.colcon_core.shell:Creating environment hook '/home/amap/2025_aa10_ros2_ws/install/sc_mini_ros2/share/sc_mini_ros2/hook/cmake_prefix_path.ps1'
[7.950s] INFO:colcon.colcon_core.shell:Creating environment descriptor '/home/amap/2025_aa10_ros2_ws/install/sc_mini_ros2/share/sc_mini_ros2/hook/cmake_prefix_path.dsv'
[7.954s] INFO:colcon.colcon_core.shell:Creating environment hook '/home/amap/2025_aa10_ros2_ws/install/sc_mini_ros2/share/sc_mini_ros2/hook/cmake_prefix_path.sh'
[7.958s] Level 1:colcon.colcon_core.environment:checking '/home/amap/2025_aa10_ros2_ws/install/sc_mini_ros2/lib'
[7.959s] Level 1:colcon.colcon_core.environment:checking '/home/amap/2025_aa10_ros2_ws/install/sc_mini_ros2/bin'
[7.960s] Level 1:colcon.colcon_core.environment:checking '/home/amap/2025_aa10_ros2_ws/install/sc_mini_ros2/lib/pkgconfig/sc_mini_ros2.pc'
[7.962s] Level 1:colcon.colcon_core.environment:checking '/home/amap/2025_aa10_ros2_ws/install/sc_mini_ros2/lib/python3.10/site-packages'
[7.963s] Level 1:colcon.colcon_core.environment:checking '/home/amap/2025_aa10_ros2_ws/install/sc_mini_ros2/bin'
[7.965s] INFO:colcon.colcon_core.shell:Creating package script '/home/amap/2025_aa10_ros2_ws/install/sc_mini_ros2/share/sc_mini_ros2/package.ps1'
[7.970s] INFO:colcon.colcon_core.shell:Creating package descriptor '/home/amap/2025_aa10_ros2_ws/install/sc_mini_ros2/share/sc_mini_ros2/package.dsv'
[7.976s] INFO:colcon.colcon_core.shell:Creating package script '/home/amap/2025_aa10_ros2_ws/install/sc_mini_ros2/share/sc_mini_ros2/package.sh'
[7.980s] INFO:colcon.colcon_core.shell:Creating package script '/home/amap/2025_aa10_ros2_ws/install/sc_mini_ros2/share/sc_mini_ros2/package.bash'
[7.985s] INFO:colcon.colcon_core.shell:Creating package script '/home/amap/2025_aa10_ros2_ws/install/sc_mini_ros2/share/sc_mini_ros2/package.zsh'
[7.989s] Level 1:colcon.colcon_core.environment:create_file_with_runtime_dependencies(/home/amap/2025_aa10_ros2_ws/install/sc_mini_ros2/share/colcon-core/packages/sc_mini_ros2)
[7.994s] Level 1:colcon.colcon_core.environment:create_environment_scripts_only(sc_mini_ros2)
[7.996s] Level 1:colcon.colcon_core.environment:checking '/home/amap/2025_aa10_ros2_ws/install/sc_mini_ros2' for CMake module files
[7.998s] Level 1:colcon.colcon_core.environment:checking '/home/amap/2025_aa10_ros2_ws/install/sc_mini_ros2' for CMake config files
[7.999s] Level 1:colcon.colcon_core.shell:create_environment_hook('sc_mini_ros2', 'cmake_prefix_path')
[8.000s] INFO:colcon.colcon_core.shell:Creating environment hook '/home/amap/2025_aa10_ros2_ws/install/sc_mini_ros2/share/sc_mini_ros2/hook/cmake_prefix_path.ps1'
[8.004s] INFO:colcon.colcon_core.shell:Creating environment descriptor '/home/amap/2025_aa10_ros2_ws/install/sc_mini_ros2/share/sc_mini_ros2/hook/cmake_prefix_path.dsv'
[8.007s] INFO:colcon.colcon_core.shell:Creating environment hook '/home/amap/2025_aa10_ros2_ws/install/sc_mini_ros2/share/sc_mini_ros2/hook/cmake_prefix_path.sh'
[8.011s] Level 1:colcon.colcon_core.environment:checking '/home/amap/2025_aa10_ros2_ws/install/sc_mini_ros2/lib'
[8.012s] Level 1:colcon.colcon_core.environment:checking '/home/amap/2025_aa10_ros2_ws/install/sc_mini_ros2/bin'
[8.012s] Level 1:colcon.colcon_core.environment:checking '/home/amap/2025_aa10_ros2_ws/install/sc_mini_ros2/lib/pkgconfig/sc_mini_ros2.pc'
[8.015s] Level 1:colcon.colcon_core.environment:checking '/home/amap/2025_aa10_ros2_ws/install/sc_mini_ros2/lib/python3.10/site-packages'
[8.017s] Level 1:colcon.colcon_core.environment:checking '/home/amap/2025_aa10_ros2_ws/install/sc_mini_ros2/bin'
[8.018s] INFO:colcon.colcon_core.shell:Creating package script '/home/amap/2025_aa10_ros2_ws/install/sc_mini_ros2/share/sc_mini_ros2/package.ps1'
[8.021s] INFO:colcon.colcon_core.shell:Creating package descriptor '/home/amap/2025_aa10_ros2_ws/install/sc_mini_ros2/share/sc_mini_ros2/package.dsv'
[8.026s] INFO:colcon.colcon_core.shell:Creating package script '/home/amap/2025_aa10_ros2_ws/install/sc_mini_ros2/share/sc_mini_ros2/package.sh'
[8.029s] INFO:colcon.colcon_core.shell:Creating package script '/home/amap/2025_aa10_ros2_ws/install/sc_mini_ros2/share/sc_mini_ros2/package.bash'
[8.032s] INFO:colcon.colcon_core.shell:Creating package script '/home/amap/2025_aa10_ros2_ws/install/sc_mini_ros2/share/sc_mini_ros2/package.zsh'
[8.034s] Level 1:colcon.colcon_core.environment:create_file_with_runtime_dependencies(/home/amap/2025_aa10_ros2_ws/install/sc_mini_ros2/share/colcon-core/packages/sc_mini_ros2)
[8.037s] DEBUG:colcon.colcon_parallel_executor.executor.parallel:closing loop
[8.037s] DEBUG:colcon.colcon_parallel_executor.executor.parallel:loop closed
[8.038s] DEBUG:colcon.colcon_parallel_executor.executor.parallel:run_until_complete finished with '0'
[8.038s] DEBUG:colcon.colcon_core.event_reactor:joining thread
[8.049s] INFO:colcon.colcon_core.plugin_system:Skipping extension 'colcon_notification.desktop_notification.terminal_notifier': Not used on non-Darwin systems
[8.050s] INFO:colcon.colcon_core.plugin_system:Skipping extension 'colcon_notification.desktop_notification.win32': Not used on non-Windows systems
[8.050s] INFO:colcon.colcon_notification.desktop_notification:Sending desktop notification using 'notify2'
[8.118s] DEBUG:colcon.colcon_core.event_reactor:joined thread
[8.120s] INFO:colcon.colcon_core.shell:Creating prefix script '/home/amap/2025_aa10_ros2_ws/install/local_setup.ps1'
[8.123s] INFO:colcon.colcon_core.shell:Creating prefix util module '/home/amap/2025_aa10_ros2_ws/install/_local_setup_util_ps1.py'
[8.134s] INFO:colcon.colcon_core.shell:Creating prefix chain script '/home/amap/2025_aa10_ros2_ws/install/setup.ps1'
[8.141s] INFO:colcon.colcon_core.shell:Creating prefix script '/home/amap/2025_aa10_ros2_ws/install/local_setup.sh'
[8.144s] INFO:colcon.colcon_core.shell:Creating prefix util module '/home/amap/2025_aa10_ros2_ws/install/_local_setup_util_sh.py'
[8.146s] INFO:colcon.colcon_core.shell:Creating prefix chain script '/home/amap/2025_aa10_ros2_ws/install/setup.sh'
[8.151s] INFO:colcon.colcon_core.shell:Creating prefix script '/home/amap/2025_aa10_ros2_ws/install/local_setup.bash'
[8.156s] INFO:colcon.colcon_core.shell:Creating prefix chain script '/home/amap/2025_aa10_ros2_ws/install/setup.bash'
[8.166s] INFO:colcon.colcon_core.shell:Creating prefix script '/home/amap/2025_aa10_ros2_ws/install/local_setup.zsh'
[8.172s] INFO:colcon.colcon_core.shell:Creating prefix chain script '/home/amap/2025_aa10_ros2_ws/install/setup.zsh'
